#
# There is insufficient memory for the Java Runtime Environment to continue.
# Native memory allocation (malloc) failed to allocate 218608 bytes. Error detail: Chunk::new
# Possible reasons:
#   The system is out of physical RAM or swap space
#   This process is running with CompressedOops enabled, and the Java Heap may be blocking the growth of the native heap
# Possible solutions:
#   Reduce memory load on the system
#   Increase physical memory or swap space
#   Check if swap backing store is full
#   Decrease Java heap size (-Xmx/-Xms)
#   Decrease number of Java threads
#   Decrease Java thread stack sizes (-Xss)
#   Set larger code cache with -XX:ReservedCodeCacheSize=
#   JVM is running with Unscaled Compressed Oops mode in which the Java heap is
#     placed in the first 4GB address space. The Java Heap base address is the
#     maximum limit for the native heap growth. Please use -XX:HeapBaseMinAddress
#     to set the Java Heap base and to place the Java Heap above 4GB virtual address.
# This output file may be truncated or incomplete.
#
#  Out of Memory Error (arena.cpp:168), pid=22800, tid=23572
#
# JRE version: OpenJDK Runtime Environment Temurin-21.0.10+7 (21.0.10+7) (build 21.0.10+7-LTS)
# Java VM: OpenJDK 64-Bit Server VM Temurin-21.0.10+7 (21.0.10+7-LTS, mixed mode, sharing, tiered, compressed oops, compressed class ptrs, g1 gc, windows-amd64)
# No core dump will be written. Minidumps are not enabled by default on client versions of Windows
#

---------------  S U M M A R Y ------------

Command Line: --add-modules=ALL-SYSTEM --add-opens=java.base/java.util=ALL-UNNAMED --add-opens=java.base/java.lang=ALL-UNNAMED --add-opens=java.base/sun.nio.fs=ALL-UNNAMED -Declipse.application=org.eclipse.jdt.ls.core.id1 -Dosgi.bundles.defaultStartLevel=4 -Declipse.product=org.eclipse.jdt.ls.core.product -Djava.import.generatesMetadataFilesAtProjectRoot=false -DDetectVMInstallationsJob.disabled=true -Dfile.encoding=utf8 -Xlog:disable -Xms256m -Xmx1024m -javaagent:c:\Users\anshm\.vscode\extensions\redhat.java-1.53.0-win32-x64\lombok\lombok-1.18.39-4050.jar -XX:+HeapDumpOnOutOfMemoryError -XX:HeapDumpPath=c:\Users\anshm\AppData\Roaming\Code\User\workspaceStorage\ebb9056eb621576684825bd64064f457\redhat.java -Daether.dependencyCollector.impl=bf c:\Users\anshm\.vscode\extensions\redhat.java-1.53.0-win32-x64\server\plugins\org.eclipse.equinox.launcher_1.7.100.v20251111-0406.jar -configuration c:\Users\anshm\AppData\Roaming\Code\User\globalStorage\redhat.java\1.53.0\config_win -data c:\Users\anshm\AppData\Roaming\Code\User\workspaceStorage\ebb9056eb621576684825bd64064f457\redhat.java\jdt_ws --pipe=\\.\pipe\lsp-555ba7552d52d150a451725116763c58-sock

Host: Intel(R) Core(TM) i5-10200H CPU @ 2.40GHz, 8 cores, 7G,  Windows 11 , 64 bit Build 26100 (10.0.26100.7920)
Time: Sat Mar 14 12:38:46 2026 India Standard Time elapsed time: 10.170691 seconds (0d 0h 0m 10s)

---------------  T H R E A D  ---------------

Current thread (0x00000192ff5a7bc0):  JavaThread "C2 CompilerThread2" daemon [_thread_in_native, id=23572, stack(0x0000003a07000000,0x0000003a07100000) (1024K)]


Current CompileTask:
C2:10170 2039       4       java.util.zip.ZipFile$ZipEntryIterator::nextElement (5 bytes)

Stack: [0x0000003a07000000,0x0000003a07100000]
Native frames: (J=compiled Java code, j=interpreted, Vv=VM code, C=native code)
V  [jvm.dll+0x6d7a39]
V  [jvm.dll+0x8b4b26]
V  [jvm.dll+0x8b70de]
V  [jvm.dll+0x8b77c3]
V  [jvm.dll+0x284346]
V  [jvm.dll+0xc66ed]
V  [jvm.dll+0xc6c31]
V  [jvm.dll+0x3bec3b]
V  [jvm.dll+0x1e3d62]
V  [jvm.dll+0x24c6b3]
V  [jvm.dll+0x24bb40]
V  [jvm.dll+0x1cb34e]
V  [jvm.dll+0x25b85d]
V  [jvm.dll+0x259dea]
V  [jvm.dll+0x3f857e]
V  [jvm.dll+0x85f59d]
V  [jvm.dll+0x6d626d]
C  [ucrtbase.dll+0x37b0]
C  [KERNEL32.DLL+0x2e8d7]
C  [ntdll.dll+0x8c48c]


---------------  P R O C E S S  ---------------

Threads class SMR info:
_java_thread_list=0x00000192fae3c780, length=17, elements={
0x00000192f37bcac0, 0x00000192fab7f250, 0x00000192fab819e0, 0x00000192fab8d410,
0x00000192fab8de70, 0x00000192fab8e8d0, 0x00000192fab8f330, 0x00000192fab900c0,
0x00000192fac018d0, 0x00000192fadce540, 0x00000192faf4dc50, 0x00000192d0379380,
0x00000192faf493c0, 0x00000192ff38c280, 0x00000192ff398f30, 0x00000192faef5630,
0x00000192ff5a7bc0
}

Java Threads: ( => current thread )
  0x00000192f37bcac0 JavaThread "main"                              [_thread_blocked, id=4372, stack(0x0000003a05200000,0x0000003a05300000) (1024K)]
  0x00000192fab7f250 JavaThread "Reference Handler"          daemon [_thread_blocked, id=6008, stack(0x0000003a05a00000,0x0000003a05b00000) (1024K)]
  0x00000192fab819e0 JavaThread "Finalizer"                  daemon [_thread_blocked, id=4992, stack(0x0000003a05b00000,0x0000003a05c00000) (1024K)]
  0x00000192fab8d410 JavaThread "Signal Dispatcher"          daemon [_thread_blocked, id=25552, stack(0x0000003a05c00000,0x0000003a05d00000) (1024K)]
  0x00000192fab8de70 JavaThread "Attach Listener"            daemon [_thread_blocked, id=22536, stack(0x0000003a05d00000,0x0000003a05e00000) (1024K)]
  0x00000192fab8e8d0 JavaThread "Service Thread"             daemon [_thread_blocked, id=19236, stack(0x0000003a05e00000,0x0000003a05f00000) (1024K)]
  0x00000192fab8f330 JavaThread "Monitor Deflation Thread"   daemon [_thread_blocked, id=25304, stack(0x0000003a05f00000,0x0000003a06000000) (1024K)]
  0x00000192fab900c0 JavaThread "C2 CompilerThread0"         daemon [_thread_blocked, id=5456, stack(0x0000003a06000000,0x0000003a06100000) (1024K)]
  0x00000192fac018d0 JavaThread "C1 CompilerThread0"         daemon [_thread_blocked, id=24700, stack(0x0000003a06100000,0x0000003a06200000) (1024K)]
  0x00000192fadce540 JavaThread "Common-Cleaner"             daemon [_thread_blocked, id=5016, stack(0x0000003a06200000,0x0000003a06300000) (1024K)]
  0x00000192faf4dc50 JavaThread "Notification Thread"        daemon [_thread_blocked, id=4652, stack(0x0000003a06300000,0x0000003a06400000) (1024K)]
  0x00000192d0379380 JavaThread "Active Thread: Equinox Container: c6bed528-bfbd-4eff-b105-ad380467b680"        [_thread_blocked, id=19668, stack(0x0000003a06c00000,0x0000003a06d00000) (1024K)]
  0x00000192faf493c0 JavaThread "Refresh Thread: Equinox Container: c6bed528-bfbd-4eff-b105-ad380467b680" daemon [_thread_blocked, id=16412, stack(0x0000003a06400000,0x0000003a06500000) (1024K)]
  0x00000192ff38c280 JavaThread "Framework Event Dispatcher: Equinox Container: c6bed528-bfbd-4eff-b105-ad380467b680" daemon [_thread_blocked, id=7612, stack(0x0000003a06500000,0x0000003a06600000) (1024K)]
  0x00000192ff398f30 JavaThread "Start Level: Equinox Container: c6bed528-bfbd-4eff-b105-ad380467b680" daemon [_thread_in_native, id=9108, stack(0x0000003a06d00000,0x0000003a06e00000) (1024K)]
  0x00000192faef5630 JavaThread "C2 CompilerThread1"         daemon [_thread_blocked, id=25272, stack(0x0000003a06f00000,0x0000003a07000000) (1024K)]
=>0x00000192ff5a7bc0 JavaThread "C2 CompilerThread2"         daemon [_thread_in_native, id=23572, stack(0x0000003a07000000,0x0000003a07100000) (1024K)]
Total: 17

Other Threads:
  0x00000192fab5df80 VMThread "VM Thread"                           [id=2344, stack(0x0000003a05900000,0x0000003a05a00000) (1024K)]
  0x00000192fab4fa50 WatcherThread "VM Periodic Task Thread"        [id=7248, stack(0x0000003a05800000,0x0000003a05900000) (1024K)]
  0x00000192f37fc4a0 WorkerThread "GC Thread#0"                     [id=17744, stack(0x0000003a05300000,0x0000003a05400000) (1024K)]
  0x00000192ff646770 WorkerThread "GC Thread#1"                     [id=13088, stack(0x0000003a06600000,0x0000003a06700000) (1024K)]
  0x00000192ff646b20 WorkerThread "GC Thread#2"                     [id=17044, stack(0x0000003a06700000,0x0000003a06800000) (1024K)]
  0x00000192ff646ed0 WorkerThread "GC Thread#3"                     [id=24592, stack(0x0000003a06800000,0x0000003a06900000) (1024K)]
  0x00000192ff3a4280 WorkerThread "GC Thread#4"                     [id=23944, stack(0x0000003a06900000,0x0000003a06a00000) (1024K)]
  0x00000192ff44dfe0 WorkerThread "GC Thread#5"                     [id=17028, stack(0x0000003a06a00000,0x0000003a06b00000) (1024K)]
  0x00000192ff402d60 WorkerThread "GC Thread#6"                     [id=24780, stack(0x0000003a06b00000,0x0000003a06c00000) (1024K)]
  0x00000192ff017d70 WorkerThread "GC Thread#7"                     [id=7812, stack(0x0000003a06e00000,0x0000003a06f00000) (1024K)]
  0x00000192f38053a0 ConcurrentGCThread "G1 Main Marker"            [id=11088, stack(0x0000003a05400000,0x0000003a05500000) (1024K)]
  0x00000192f38065d0 WorkerThread "G1 Conc#0"                       [id=6352, stack(0x0000003a05500000,0x0000003a05600000) (1024K)]
  0x00000192faa1da40 ConcurrentGCThread "G1 Refine#0"               [id=25540, stack(0x0000003a05600000,0x0000003a05700000) (1024K)]
  0x00000192faa1e3d0 ConcurrentGCThread "G1 Service"                [id=21028, stack(0x0000003a05700000,0x0000003a05800000) (1024K)]
Total: 14

Threads with active compile tasks:
C2 CompilerThread2  11188 2039       4       java.util.zip.ZipFile$ZipEntryIterator::nextElement (5 bytes)
Total: 1

VM state: not at safepoint (normal execution)

VM Mutex/Monitor currently owned by a thread: None

Heap address: 0x00000000c0000000, size: 1024 MB, Compressed Oops mode: 32-bit

CDS archive(s) mapped at: [0x000001928f000000-0x000001928fba0000-0x000001928fba0000), size 12189696, SharedBaseAddress: 0x000001928f000000, ArchiveRelocationMode: 1.
Compressed class space mapped at: 0x0000019290000000-0x00000192d0000000, reserved size: 1073741824
Narrow klass base: 0x000001928f000000, Narrow klass shift: 0, Narrow klass range: 0x100000000

GC Precious Log:
 CardTable entry size: 512
 Card Set container configuration: InlinePtr #cards 5 size 8 Array Of Cards #cards 12 size 40 Howl #buckets 4 coarsen threshold 1843 Howl Bitmap #cards 512 size 80 coarsen threshold 460 Card regions per heap region 1 cards per card region 2048
 CPUs: 8 total, 8 available
 Memory: 8029M
 Large Page Support: Disabled
 NUMA Support: Disabled
 Compressed Oops: Enabled (32-bit)
 Heap Region Size: 1M
 Heap Min Capacity: 256M
 Heap Initial Capacity: 256M
 Heap Max Capacity: 1G
 Pre-touch: Disabled
 Parallel Workers: 8
 Concurrent Workers: 2
 Concurrent Refinement Workers: 8
 Periodic GC: Disabled

Heap:
 garbage-first heap   total 262144K, used 20335K [0x00000000c0000000, 0x0000000100000000)
  region size 1024K, 18 young (18432K), 4 survivors (4096K)
 Metaspace       used 9359K, committed 9728K, reserved 1114112K
  class space    used 1005K, committed 1152K, reserved 1048576K

Heap Regions: E=young(eden), S=young(survivor), O=old, HS=humongous(starts), HC=humongous(continues), CS=collection set, F=free, TAMS=top-at-mark-start, PB=parsable bottom
|   0|0x00000000c0000000, 0x00000000c0100000, 0x00000000c0100000|100%| O|  |TAMS 0x00000000c0000000| PB 0x00000000c0000000| Untracked 
|   1|0x00000000c0100000, 0x00000000c0200000, 0x00000000c0200000|100%| O|  |TAMS 0x00000000c0100000| PB 0x00000000c0100000| Untracked 
|   2|0x00000000c0200000, 0x00000000c0300000, 0x00000000c0300000|100%| O|  |TAMS 0x00000000c0200000| PB 0x00000000c0200000| Untracked 
|   3|0x00000000c0300000, 0x00000000c0373d40, 0x00000000c0400000| 45%| O|  |TAMS 0x00000000c0300000| PB 0x00000000c0300000| Untracked 
|   4|0x00000000c0400000, 0x00000000c0400000, 0x00000000c0500000|  0%| F|  |TAMS 0x00000000c0400000| PB 0x00000000c0400000| Untracked 
|   5|0x00000000c0500000, 0x00000000c0500000, 0x00000000c0600000|  0%| F|  |TAMS 0x00000000c0500000| PB 0x00000000c0500000| Untracked 
|   6|0x00000000c0600000, 0x00000000c0600000, 0x00000000c0700000|  0%| F|  |TAMS 0x00000000c0600000| PB 0x00000000c0600000| Untracked 
|   7|0x00000000c0700000, 0x00000000c0700000, 0x00000000c0800000|  0%| F|  |TAMS 0x00000000c0700000| PB 0x00000000c0700000| Untracked 
|   8|0x00000000c0800000, 0x00000000c0800000, 0x00000000c0900000|  0%| F|  |TAMS 0x00000000c0800000| PB 0x00000000c0800000| Untracked 
|   9|0x00000000c0900000, 0x00000000c0900000, 0x00000000c0a00000|  0%| F|  |TAMS 0x00000000c0900000| PB 0x00000000c0900000| Untracked 
|  10|0x00000000c0a00000, 0x00000000c0a00000, 0x00000000c0b00000|  0%| F|  |TAMS 0x00000000c0a00000| PB 0x00000000c0a00000| Untracked 
|  11|0x00000000c0b00000, 0x00000000c0b00000, 0x00000000c0c00000|  0%| F|  |TAMS 0x00000000c0b00000| PB 0x00000000c0b00000| Untracked 
|  12|0x00000000c0c00000, 0x00000000c0c00000, 0x00000000c0d00000|  0%| F|  |TAMS 0x00000000c0c00000| PB 0x00000000c0c00000| Untracked 
|  13|0x00000000c0d00000, 0x00000000c0d00000, 0x00000000c0e00000|  0%| F|  |TAMS 0x00000000c0d00000| PB 0x00000000c0d00000| Untracked 
|  14|0x00000000c0e00000, 0x00000000c0e00000, 0x00000000c0f00000|  0%| F|  |TAMS 0x00000000c0e00000| PB 0x00000000c0e00000| Untracked 
|  15|0x00000000c0f00000, 0x00000000c0f00000, 0x00000000c1000000|  0%| F|  |TAMS 0x00000000c0f00000| PB 0x00000000c0f00000| Untracked 
|  16|0x00000000c1000000, 0x00000000c1000000, 0x00000000c1100000|  0%| F|  |TAMS 0x00000000c1000000| PB 0x00000000c1000000| Untracked 
|  17|0x00000000c1100000, 0x00000000c1100000, 0x00000000c1200000|  0%| F|  |TAMS 0x00000000c1100000| PB 0x00000000c1100000| Untracked 
|  18|0x00000000c1200000, 0x00000000c1200000, 0x00000000c1300000|  0%| F|  |TAMS 0x00000000c1200000| PB 0x00000000c1200000| Untracked 
|  19|0x00000000c1300000, 0x00000000c1300000, 0x00000000c1400000|  0%| F|  |TAMS 0x00000000c1300000| PB 0x00000000c1300000| Untracked 
|  20|0x00000000c1400000, 0x00000000c1400000, 0x00000000c1500000|  0%| F|  |TAMS 0x00000000c1400000| PB 0x00000000c1400000| Untracked 
|  21|0x00000000c1500000, 0x00000000c1500000, 0x00000000c1600000|  0%| F|  |TAMS 0x00000000c1500000| PB 0x00000000c1500000| Untracked 
|  22|0x00000000c1600000, 0x00000000c1600000, 0x00000000c1700000|  0%| F|  |TAMS 0x00000000c1600000| PB 0x00000000c1600000| Untracked 
|  23|0x00000000c1700000, 0x00000000c1700000, 0x00000000c1800000|  0%| F|  |TAMS 0x00000000c1700000| PB 0x00000000c1700000| Untracked 
|  24|0x00000000c1800000, 0x00000000c1800000, 0x00000000c1900000|  0%| F|  |TAMS 0x00000000c1800000| PB 0x00000000c1800000| Untracked 
|  25|0x00000000c1900000, 0x00000000c1900000, 0x00000000c1a00000|  0%| F|  |TAMS 0x00000000c1900000| PB 0x00000000c1900000| Untracked 
|  26|0x00000000c1a00000, 0x00000000c1a00000, 0x00000000c1b00000|  0%| F|  |TAMS 0x00000000c1a00000| PB 0x00000000c1a00000| Untracked 
|  27|0x00000000c1b00000, 0x00000000c1b00000, 0x00000000c1c00000|  0%| F|  |TAMS 0x00000000c1b00000| PB 0x00000000c1b00000| Untracked 
|  28|0x00000000c1c00000, 0x00000000c1c00000, 0x00000000c1d00000|  0%| F|  |TAMS 0x00000000c1c00000| PB 0x00000000c1c00000| Untracked 
|  29|0x00000000c1d00000, 0x00000000c1d00000, 0x00000000c1e00000|  0%| F|  |TAMS 0x00000000c1d00000| PB 0x00000000c1d00000| Untracked 
|  30|0x00000000c1e00000, 0x00000000c1e00000, 0x00000000c1f00000|  0%| F|  |TAMS 0x00000000c1e00000| PB 0x00000000c1e00000| Untracked 
|  31|0x00000000c1f00000, 0x00000000c1f00000, 0x00000000c2000000|  0%| F|  |TAMS 0x00000000c1f00000| PB 0x00000000c1f00000| Untracked 
|  32|0x00000000c2000000, 0x00000000c2000000, 0x00000000c2100000|  0%| F|  |TAMS 0x00000000c2000000| PB 0x00000000c2000000| Untracked 
|  33|0x00000000c2100000, 0x00000000c2100000, 0x00000000c2200000|  0%| F|  |TAMS 0x00000000c2100000| PB 0x00000000c2100000| Untracked 
|  34|0x00000000c2200000, 0x00000000c2200000, 0x00000000c2300000|  0%| F|  |TAMS 0x00000000c2200000| PB 0x00000000c2200000| Untracked 
|  35|0x00000000c2300000, 0x00000000c2300000, 0x00000000c2400000|  0%| F|  |TAMS 0x00000000c2300000| PB 0x00000000c2300000| Untracked 
|  36|0x00000000c2400000, 0x00000000c2400000, 0x00000000c2500000|  0%| F|  |TAMS 0x00000000c2400000| PB 0x00000000c2400000| Untracked 
|  37|0x00000000c2500000, 0x00000000c2500000, 0x00000000c2600000|  0%| F|  |TAMS 0x00000000c2500000| PB 0x00000000c2500000| Untracked 
|  38|0x00000000c2600000, 0x00000000c2600000, 0x00000000c2700000|  0%| F|  |TAMS 0x00000000c2600000| PB 0x00000000c2600000| Untracked 
|  39|0x00000000c2700000, 0x00000000c2700000, 0x00000000c2800000|  0%| F|  |TAMS 0x00000000c2700000| PB 0x00000000c2700000| Untracked 
|  40|0x00000000c2800000, 0x00000000c2800000, 0x00000000c2900000|  0%| F|  |TAMS 0x00000000c2800000| PB 0x00000000c2800000| Untracked 
|  41|0x00000000c2900000, 0x00000000c2900000, 0x00000000c2a00000|  0%| F|  |TAMS 0x00000000c2900000| PB 0x00000000c2900000| Untracked 
|  42|0x00000000c2a00000, 0x00000000c2a00000, 0x00000000c2b00000|  0%| F|  |TAMS 0x00000000c2a00000| PB 0x00000000c2a00000| Untracked 
|  43|0x00000000c2b00000, 0x00000000c2b00000, 0x00000000c2c00000|  0%| F|  |TAMS 0x00000000c2b00000| PB 0x00000000c2b00000| Untracked 
|  44|0x00000000c2c00000, 0x00000000c2c00000, 0x00000000c2d00000|  0%| F|  |TAMS 0x00000000c2c00000| PB 0x00000000c2c00000| Untracked 
|  45|0x00000000c2d00000, 0x00000000c2d00000, 0x00000000c2e00000|  0%| F|  |TAMS 0x00000000c2d00000| PB 0x00000000c2d00000| Untracked 
|  46|0x00000000c2e00000, 0x00000000c2e00000, 0x00000000c2f00000|  0%| F|  |TAMS 0x00000000c2e00000| PB 0x00000000c2e00000| Untracked 
|  47|0x00000000c2f00000, 0x00000000c2f00000, 0x00000000c3000000|  0%| F|  |TAMS 0x00000000c2f00000| PB 0x00000000c2f00000| Untracked 
|  48|0x00000000c3000000, 0x00000000c3000000, 0x00000000c3100000|  0%| F|  |TAMS 0x00000000c3000000| PB 0x00000000c3000000| Untracked 
|  49|0x00000000c3100000, 0x00000000c3100000, 0x00000000c3200000|  0%| F|  |TAMS 0x00000000c3100000| PB 0x00000000c3100000| Untracked 
|  50|0x00000000c3200000, 0x00000000c3200000, 0x00000000c3300000|  0%| F|  |TAMS 0x00000000c3200000| PB 0x00000000c3200000| Untracked 
|  51|0x00000000c3300000, 0x00000000c3300000, 0x00000000c3400000|  0%| F|  |TAMS 0x00000000c3300000| PB 0x00000000c3300000| Untracked 
|  52|0x00000000c3400000, 0x00000000c3400000, 0x00000000c3500000|  0%| F|  |TAMS 0x00000000c3400000| PB 0x00000000c3400000| Untracked 
|  53|0x00000000c3500000, 0x00000000c3500000, 0x00000000c3600000|  0%| F|  |TAMS 0x00000000c3500000| PB 0x00000000c3500000| Untracked 
|  54|0x00000000c3600000, 0x00000000c3600000, 0x00000000c3700000|  0%| F|  |TAMS 0x00000000c3600000| PB 0x00000000c3600000| Untracked 
|  55|0x00000000c3700000, 0x00000000c3700000, 0x00000000c3800000|  0%| F|  |TAMS 0x00000000c3700000| PB 0x00000000c3700000| Untracked 
|  56|0x00000000c3800000, 0x00000000c3800000, 0x00000000c3900000|  0%| F|  |TAMS 0x00000000c3800000| PB 0x00000000c3800000| Untracked 
|  57|0x00000000c3900000, 0x00000000c3900000, 0x00000000c3a00000|  0%| F|  |TAMS 0x00000000c3900000| PB 0x00000000c3900000| Untracked 
|  58|0x00000000c3a00000, 0x00000000c3a00000, 0x00000000c3b00000|  0%| F|  |TAMS 0x00000000c3a00000| PB 0x00000000c3a00000| Untracked 
|  59|0x00000000c3b00000, 0x00000000c3b00000, 0x00000000c3c00000|  0%| F|  |TAMS 0x00000000c3b00000| PB 0x00000000c3b00000| Untracked 
|  60|0x00000000c3c00000, 0x00000000c3c00000, 0x00000000c3d00000|  0%| F|  |TAMS 0x00000000c3c00000| PB 0x00000000c3c00000| Untracked 
|  61|0x00000000c3d00000, 0x00000000c3d00000, 0x00000000c3e00000|  0%| F|  |TAMS 0x00000000c3d00000| PB 0x00000000c3d00000| Untracked 
|  62|0x00000000c3e00000, 0x00000000c3e00000, 0x00000000c3f00000|  0%| F|  |TAMS 0x00000000c3e00000| PB 0x00000000c3e00000| Untracked 
|  63|0x00000000c3f00000, 0x00000000c3f00000, 0x00000000c4000000|  0%| F|  |TAMS 0x00000000c3f00000| PB 0x00000000c3f00000| Untracked 
|  64|0x00000000c4000000, 0x00000000c4000000, 0x00000000c4100000|  0%| F|  |TAMS 0x00000000c4000000| PB 0x00000000c4000000| Untracked 
|  65|0x00000000c4100000, 0x00000000c4100000, 0x00000000c4200000|  0%| F|  |TAMS 0x00000000c4100000| PB 0x00000000c4100000| Untracked 
|  66|0x00000000c4200000, 0x00000000c4200000, 0x00000000c4300000|  0%| F|  |TAMS 0x00000000c4200000| PB 0x00000000c4200000| Untracked 
|  67|0x00000000c4300000, 0x00000000c4300000, 0x00000000c4400000|  0%| F|  |TAMS 0x00000000c4300000| PB 0x00000000c4300000| Untracked 
|  68|0x00000000c4400000, 0x00000000c4400000, 0x00000000c4500000|  0%| F|  |TAMS 0x00000000c4400000| PB 0x00000000c4400000| Untracked 
|  69|0x00000000c4500000, 0x00000000c4500000, 0x00000000c4600000|  0%| F|  |TAMS 0x00000000c4500000| PB 0x00000000c4500000| Untracked 
|  70|0x00000000c4600000, 0x00000000c4600000, 0x00000000c4700000|  0%| F|  |TAMS 0x00000000c4600000| PB 0x00000000c4600000| Untracked 
|  71|0x00000000c4700000, 0x00000000c4700000, 0x00000000c4800000|  0%| F|  |TAMS 0x00000000c4700000| PB 0x00000000c4700000| Untracked 
|  72|0x00000000c4800000, 0x00000000c4800000, 0x00000000c4900000|  0%| F|  |TAMS 0x00000000c4800000| PB 0x00000000c4800000| Untracked 
|  73|0x00000000c4900000, 0x00000000c4900000, 0x00000000c4a00000|  0%| F|  |TAMS 0x00000000c4900000| PB 0x00000000c4900000| Untracked 
|  74|0x00000000c4a00000, 0x00000000c4a00000, 0x00000000c4b00000|  0%| F|  |TAMS 0x00000000c4a00000| PB 0x00000000c4a00000| Untracked 
|  75|0x00000000c4b00000, 0x00000000c4b00000, 0x00000000c4c00000|  0%| F|  |TAMS 0x00000000c4b00000| PB 0x00000000c4b00000| Untracked 
|  76|0x00000000c4c00000, 0x00000000c4c00000, 0x00000000c4d00000|  0%| F|  |TAMS 0x00000000c4c00000| PB 0x00000000c4c00000| Untracked 
|  77|0x00000000c4d00000, 0x00000000c4d00000, 0x00000000c4e00000|  0%| F|  |TAMS 0x00000000c4d00000| PB 0x00000000c4d00000| Untracked 
|  78|0x00000000c4e00000, 0x00000000c4e00000, 0x00000000c4f00000|  0%| F|  |TAMS 0x00000000c4e00000| PB 0x00000000c4e00000| Untracked 
|  79|0x00000000c4f00000, 0x00000000c4f00000, 0x00000000c5000000|  0%| F|  |TAMS 0x00000000c4f00000| PB 0x00000000c4f00000| Untracked 
|  80|0x00000000c5000000, 0x00000000c5000000, 0x00000000c5100000|  0%| F|  |TAMS 0x00000000c5000000| PB 0x00000000c5000000| Untracked 
|  81|0x00000000c5100000, 0x00000000c5100000, 0x00000000c5200000|  0%| F|  |TAMS 0x00000000c5100000| PB 0x00000000c5100000| Untracked 
|  82|0x00000000c5200000, 0x00000000c5200000, 0x00000000c5300000|  0%| F|  |TAMS 0x00000000c5200000| PB 0x00000000c5200000| Untracked 
|  83|0x00000000c5300000, 0x00000000c5300000, 0x00000000c5400000|  0%| F|  |TAMS 0x00000000c5300000| PB 0x00000000c5300000| Untracked 
|  84|0x00000000c5400000, 0x00000000c5400000, 0x00000000c5500000|  0%| F|  |TAMS 0x00000000c5400000| PB 0x00000000c5400000| Untracked 
|  85|0x00000000c5500000, 0x00000000c5500000, 0x00000000c5600000|  0%| F|  |TAMS 0x00000000c5500000| PB 0x00000000c5500000| Untracked 
|  86|0x00000000c5600000, 0x00000000c5600000, 0x00000000c5700000|  0%| F|  |TAMS 0x00000000c5600000| PB 0x00000000c5600000| Untracked 
|  87|0x00000000c5700000, 0x00000000c5700000, 0x00000000c5800000|  0%| F|  |TAMS 0x00000000c5700000| PB 0x00000000c5700000| Untracked 
|  88|0x00000000c5800000, 0x00000000c5800000, 0x00000000c5900000|  0%| F|  |TAMS 0x00000000c5800000| PB 0x00000000c5800000| Untracked 
|  89|0x00000000c5900000, 0x00000000c5900000, 0x00000000c5a00000|  0%| F|  |TAMS 0x00000000c5900000| PB 0x00000000c5900000| Untracked 
|  90|0x00000000c5a00000, 0x00000000c5a00000, 0x00000000c5b00000|  0%| F|  |TAMS 0x00000000c5a00000| PB 0x00000000c5a00000| Untracked 
|  91|0x00000000c5b00000, 0x00000000c5b00000, 0x00000000c5c00000|  0%| F|  |TAMS 0x00000000c5b00000| PB 0x00000000c5b00000| Untracked 
|  92|0x00000000c5c00000, 0x00000000c5c00000, 0x00000000c5d00000|  0%| F|  |TAMS 0x00000000c5c00000| PB 0x00000000c5c00000| Untracked 
|  93|0x00000000c5d00000, 0x00000000c5d00000, 0x00000000c5e00000|  0%| F|  |TAMS 0x00000000c5d00000| PB 0x00000000c5d00000| Untracked 
|  94|0x00000000c5e00000, 0x00000000c5e00000, 0x00000000c5f00000|  0%| F|  |TAMS 0x00000000c5e00000| PB 0x00000000c5e00000| Untracked 
|  95|0x00000000c5f00000, 0x00000000c5f00000, 0x00000000c6000000|  0%| F|  |TAMS 0x00000000c5f00000| PB 0x00000000c5f00000| Untracked 
|  96|0x00000000c6000000, 0x00000000c6000000, 0x00000000c6100000|  0%| F|  |TAMS 0x00000000c6000000| PB 0x00000000c6000000| Untracked 
|  97|0x00000000c6100000, 0x00000000c6100000, 0x00000000c6200000|  0%| F|  |TAMS 0x00000000c6100000| PB 0x00000000c6100000| Untracked 
|  98|0x00000000c6200000, 0x00000000c6200000, 0x00000000c6300000|  0%| F|  |TAMS 0x00000000c6200000| PB 0x00000000c6200000| Untracked 
|  99|0x00000000c6300000, 0x00000000c6300000, 0x00000000c6400000|  0%| F|  |TAMS 0x00000000c6300000| PB 0x00000000c6300000| Untracked 
| 100|0x00000000c6400000, 0x00000000c6400000, 0x00000000c6500000|  0%| F|  |TAMS 0x00000000c6400000| PB 0x00000000c6400000| Untracked 
| 101|0x00000000c6500000, 0x00000000c6500000, 0x00000000c6600000|  0%| F|  |TAMS 0x00000000c6500000| PB 0x00000000c6500000| Untracked 
| 102|0x00000000c6600000, 0x00000000c6600000, 0x00000000c6700000|  0%| F|  |TAMS 0x00000000c6600000| PB 0x00000000c6600000| Untracked 
| 103|0x00000000c6700000, 0x00000000c6700000, 0x00000000c6800000|  0%| F|  |TAMS 0x00000000c6700000| PB 0x00000000c6700000| Untracked 
| 104|0x00000000c6800000, 0x00000000c6800000, 0x00000000c6900000|  0%| F|  |TAMS 0x00000000c6800000| PB 0x00000000c6800000| Untracked 
| 105|0x00000000c6900000, 0x00000000c6900000, 0x00000000c6a00000|  0%| F|  |TAMS 0x00000000c6900000| PB 0x00000000c6900000| Untracked 
| 106|0x00000000c6a00000, 0x00000000c6a00000, 0x00000000c6b00000|  0%| F|  |TAMS 0x00000000c6a00000| PB 0x00000000c6a00000| Untracked 
| 107|0x00000000c6b00000, 0x00000000c6b00000, 0x00000000c6c00000|  0%| F|  |TAMS 0x00000000c6b00000| PB 0x00000000c6b00000| Untracked 
| 108|0x00000000c6c00000, 0x00000000c6c00000, 0x00000000c6d00000|  0%| F|  |TAMS 0x00000000c6c00000| PB 0x00000000c6c00000| Untracked 
| 109|0x00000000c6d00000, 0x00000000c6d00000, 0x00000000c6e00000|  0%| F|  |TAMS 0x00000000c6d00000| PB 0x00000000c6d00000| Untracked 
| 110|0x00000000c6e00000, 0x00000000c6e00000, 0x00000000c6f00000|  0%| F|  |TAMS 0x00000000c6e00000| PB 0x00000000c6e00000| Untracked 
| 111|0x00000000c6f00000, 0x00000000c6f00000, 0x00000000c7000000|  0%| F|  |TAMS 0x00000000c6f00000| PB 0x00000000c6f00000| Untracked 
| 112|0x00000000c7000000, 0x00000000c7000000, 0x00000000c7100000|  0%| F|  |TAMS 0x00000000c7000000| PB 0x00000000c7000000| Untracked 
| 113|0x00000000c7100000, 0x00000000c7100000, 0x00000000c7200000|  0%| F|  |TAMS 0x00000000c7100000| PB 0x00000000c7100000| Untracked 
| 114|0x00000000c7200000, 0x00000000c7200000, 0x00000000c7300000|  0%| F|  |TAMS 0x00000000c7200000| PB 0x00000000c7200000| Untracked 
| 115|0x00000000c7300000, 0x00000000c7300000, 0x00000000c7400000|  0%| F|  |TAMS 0x00000000c7300000| PB 0x00000000c7300000| Untracked 
| 116|0x00000000c7400000, 0x00000000c7400000, 0x00000000c7500000|  0%| F|  |TAMS 0x00000000c7400000| PB 0x00000000c7400000| Untracked 
| 117|0x00000000c7500000, 0x00000000c7500000, 0x00000000c7600000|  0%| F|  |TAMS 0x00000000c7500000| PB 0x00000000c7500000| Untracked 
| 118|0x00000000c7600000, 0x00000000c7600000, 0x00000000c7700000|  0%| F|  |TAMS 0x00000000c7600000| PB 0x00000000c7600000| Untracked 
| 119|0x00000000c7700000, 0x00000000c7700000, 0x00000000c7800000|  0%| F|  |TAMS 0x00000000c7700000| PB 0x00000000c7700000| Untracked 
| 120|0x00000000c7800000, 0x00000000c7800000, 0x00000000c7900000|  0%| F|  |TAMS 0x00000000c7800000| PB 0x00000000c7800000| Untracked 
| 121|0x00000000c7900000, 0x00000000c7900000, 0x00000000c7a00000|  0%| F|  |TAMS 0x00000000c7900000| PB 0x00000000c7900000| Untracked 
| 122|0x00000000c7a00000, 0x00000000c7a00000, 0x00000000c7b00000|  0%| F|  |TAMS 0x00000000c7a00000| PB 0x00000000c7a00000| Untracked 
| 123|0x00000000c7b00000, 0x00000000c7b00000, 0x00000000c7c00000|  0%| F|  |TAMS 0x00000000c7b00000| PB 0x00000000c7b00000| Untracked 
| 124|0x00000000c7c00000, 0x00000000c7c00000, 0x00000000c7d00000|  0%| F|  |TAMS 0x00000000c7c00000| PB 0x00000000c7c00000| Untracked 
| 125|0x00000000c7d00000, 0x00000000c7d00000, 0x00000000c7e00000|  0%| F|  |TAMS 0x00000000c7d00000| PB 0x00000000c7d00000| Untracked 
| 126|0x00000000c7e00000, 0x00000000c7e00000, 0x00000000c7f00000|  0%| F|  |TAMS 0x00000000c7e00000| PB 0x00000000c7e00000| Untracked 
| 127|0x00000000c7f00000, 0x00000000c7f00000, 0x00000000c8000000|  0%| F|  |TAMS 0x00000000c7f00000| PB 0x00000000c7f00000| Untracked 
| 128|0x00000000c8000000, 0x00000000c8000000, 0x00000000c8100000|  0%| F|  |TAMS 0x00000000c8000000| PB 0x00000000c8000000| Untracked 
| 129|0x00000000c8100000, 0x00000000c8100000, 0x00000000c8200000|  0%| F|  |TAMS 0x00000000c8100000| PB 0x00000000c8100000| Untracked 
| 130|0x00000000c8200000, 0x00000000c8200000, 0x00000000c8300000|  0%| F|  |TAMS 0x00000000c8200000| PB 0x00000000c8200000| Untracked 
| 131|0x00000000c8300000, 0x00000000c8300000, 0x00000000c8400000|  0%| F|  |TAMS 0x00000000c8300000| PB 0x00000000c8300000| Untracked 
| 132|0x00000000c8400000, 0x00000000c8400000, 0x00000000c8500000|  0%| F|  |TAMS 0x00000000c8400000| PB 0x00000000c8400000| Untracked 
| 133|0x00000000c8500000, 0x00000000c8500000, 0x00000000c8600000|  0%| F|  |TAMS 0x00000000c8500000| PB 0x00000000c8500000| Untracked 
| 134|0x00000000c8600000, 0x00000000c8600000, 0x00000000c8700000|  0%| F|  |TAMS 0x00000000c8600000| PB 0x00000000c8600000| Untracked 
| 135|0x00000000c8700000, 0x00000000c8700000, 0x00000000c8800000|  0%| F|  |TAMS 0x00000000c8700000| PB 0x00000000c8700000| Untracked 
| 136|0x00000000c8800000, 0x00000000c8800000, 0x00000000c8900000|  0%| F|  |TAMS 0x00000000c8800000| PB 0x00000000c8800000| Untracked 
| 137|0x00000000c8900000, 0x00000000c8900000, 0x00000000c8a00000|  0%| F|  |TAMS 0x00000000c8900000| PB 0x00000000c8900000| Untracked 
| 138|0x00000000c8a00000, 0x00000000c8a00000, 0x00000000c8b00000|  0%| F|  |TAMS 0x00000000c8a00000| PB 0x00000000c8a00000| Untracked 
| 139|0x00000000c8b00000, 0x00000000c8b00000, 0x00000000c8c00000|  0%| F|  |TAMS 0x00000000c8b00000| PB 0x00000000c8b00000| Untracked 
| 140|0x00000000c8c00000, 0x00000000c8c00000, 0x00000000c8d00000|  0%| F|  |TAMS 0x00000000c8c00000| PB 0x00000000c8c00000| Untracked 
| 141|0x00000000c8d00000, 0x00000000c8d00000, 0x00000000c8e00000|  0%| F|  |TAMS 0x00000000c8d00000| PB 0x00000000c8d00000| Untracked 
| 142|0x00000000c8e00000, 0x00000000c8e00000, 0x00000000c8f00000|  0%| F|  |TAMS 0x00000000c8e00000| PB 0x00000000c8e00000| Untracked 
| 143|0x00000000c8f00000, 0x00000000c8f00000, 0x00000000c9000000|  0%| F|  |TAMS 0x00000000c8f00000| PB 0x00000000c8f00000| Untracked 
| 144|0x00000000c9000000, 0x00000000c9000000, 0x00000000c9100000|  0%| F|  |TAMS 0x00000000c9000000| PB 0x00000000c9000000| Untracked 
| 145|0x00000000c9100000, 0x00000000c9100000, 0x00000000c9200000|  0%| F|  |TAMS 0x00000000c9100000| PB 0x00000000c9100000| Untracked 
| 146|0x00000000c9200000, 0x00000000c9200000, 0x00000000c9300000|  0%| F|  |TAMS 0x00000000c9200000| PB 0x00000000c9200000| Untracked 
| 147|0x00000000c9300000, 0x00000000c9300000, 0x00000000c9400000|  0%| F|  |TAMS 0x00000000c9300000| PB 0x00000000c9300000| Untracked 
| 148|0x00000000c9400000, 0x00000000c9400000, 0x00000000c9500000|  0%| F|  |TAMS 0x00000000c9400000| PB 0x00000000c9400000| Untracked 
| 149|0x00000000c9500000, 0x00000000c9500000, 0x00000000c9600000|  0%| F|  |TAMS 0x00000000c9500000| PB 0x00000000c9500000| Untracked 
| 150|0x00000000c9600000, 0x00000000c9600000, 0x00000000c9700000|  0%| F|  |TAMS 0x00000000c9600000| PB 0x00000000c9600000| Untracked 
| 151|0x00000000c9700000, 0x00000000c9700000, 0x00000000c9800000|  0%| F|  |TAMS 0x00000000c9700000| PB 0x00000000c9700000| Untracked 
| 152|0x00000000c9800000, 0x00000000c9800000, 0x00000000c9900000|  0%| F|  |TAMS 0x00000000c9800000| PB 0x00000000c9800000| Untracked 
| 153|0x00000000c9900000, 0x00000000c9900000, 0x00000000c9a00000|  0%| F|  |TAMS 0x00000000c9900000| PB 0x00000000c9900000| Untracked 
| 154|0x00000000c9a00000, 0x00000000c9a00000, 0x00000000c9b00000|  0%| F|  |TAMS 0x00000000c9a00000| PB 0x00000000c9a00000| Untracked 
| 155|0x00000000c9b00000, 0x00000000c9b00000, 0x00000000c9c00000|  0%| F|  |TAMS 0x00000000c9b00000| PB 0x00000000c9b00000| Untracked 
| 156|0x00000000c9c00000, 0x00000000c9c00000, 0x00000000c9d00000|  0%| F|  |TAMS 0x00000000c9c00000| PB 0x00000000c9c00000| Untracked 
| 157|0x00000000c9d00000, 0x00000000c9d00000, 0x00000000c9e00000|  0%| F|  |TAMS 0x00000000c9d00000| PB 0x00000000c9d00000| Untracked 
| 158|0x00000000c9e00000, 0x00000000c9e00000, 0x00000000c9f00000|  0%| F|  |TAMS 0x00000000c9e00000| PB 0x00000000c9e00000| Untracked 
| 159|0x00000000c9f00000, 0x00000000c9f00000, 0x00000000ca000000|  0%| F|  |TAMS 0x00000000c9f00000| PB 0x00000000c9f00000| Untracked 
| 160|0x00000000ca000000, 0x00000000ca000000, 0x00000000ca100000|  0%| F|  |TAMS 0x00000000ca000000| PB 0x00000000ca000000| Untracked 
| 161|0x00000000ca100000, 0x00000000ca100000, 0x00000000ca200000|  0%| F|  |TAMS 0x00000000ca100000| PB 0x00000000ca100000| Untracked 
| 162|0x00000000ca200000, 0x00000000ca200000, 0x00000000ca300000|  0%| F|  |TAMS 0x00000000ca200000| PB 0x00000000ca200000| Untracked 
| 163|0x00000000ca300000, 0x00000000ca300000, 0x00000000ca400000|  0%| F|  |TAMS 0x00000000ca300000| PB 0x00000000ca300000| Untracked 
| 164|0x00000000ca400000, 0x00000000ca400000, 0x00000000ca500000|  0%| F|  |TAMS 0x00000000ca400000| PB 0x00000000ca400000| Untracked 
| 165|0x00000000ca500000, 0x00000000ca500000, 0x00000000ca600000|  0%| F|  |TAMS 0x00000000ca500000| PB 0x00000000ca500000| Untracked 
| 166|0x00000000ca600000, 0x00000000ca600000, 0x00000000ca700000|  0%| F|  |TAMS 0x00000000ca600000| PB 0x00000000ca600000| Untracked 
| 167|0x00000000ca700000, 0x00000000ca700000, 0x00000000ca800000|  0%| F|  |TAMS 0x00000000ca700000| PB 0x00000000ca700000| Untracked 
| 168|0x00000000ca800000, 0x00000000ca800000, 0x00000000ca900000|  0%| F|  |TAMS 0x00000000ca800000| PB 0x00000000ca800000| Untracked 
| 169|0x00000000ca900000, 0x00000000ca900000, 0x00000000caa00000|  0%| F|  |TAMS 0x00000000ca900000| PB 0x00000000ca900000| Untracked 
| 170|0x00000000caa00000, 0x00000000caa00000, 0x00000000cab00000|  0%| F|  |TAMS 0x00000000caa00000| PB 0x00000000caa00000| Untracked 
| 171|0x00000000cab00000, 0x00000000cab00000, 0x00000000cac00000|  0%| F|  |TAMS 0x00000000cab00000| PB 0x00000000cab00000| Untracked 
| 172|0x00000000cac00000, 0x00000000cac00000, 0x00000000cad00000|  0%| F|  |TAMS 0x00000000cac00000| PB 0x00000000cac00000| Untracked 
| 173|0x00000000cad00000, 0x00000000cad00000, 0x00000000cae00000|  0%| F|  |TAMS 0x00000000cad00000| PB 0x00000000cad00000| Untracked 
| 174|0x00000000cae00000, 0x00000000cae00000, 0x00000000caf00000|  0%| F|  |TAMS 0x00000000cae00000| PB 0x00000000cae00000| Untracked 
| 175|0x00000000caf00000, 0x00000000caf00000, 0x00000000cb000000|  0%| F|  |TAMS 0x00000000caf00000| PB 0x00000000caf00000| Untracked 
| 176|0x00000000cb000000, 0x00000000cb000000, 0x00000000cb100000|  0%| F|  |TAMS 0x00000000cb000000| PB 0x00000000cb000000| Untracked 
| 177|0x00000000cb100000, 0x00000000cb100000, 0x00000000cb200000|  0%| F|  |TAMS 0x00000000cb100000| PB 0x00000000cb100000| Untracked 
| 178|0x00000000cb200000, 0x00000000cb200000, 0x00000000cb300000|  0%| F|  |TAMS 0x00000000cb200000| PB 0x00000000cb200000| Untracked 
| 179|0x00000000cb300000, 0x00000000cb300000, 0x00000000cb400000|  0%| F|  |TAMS 0x00000000cb300000| PB 0x00000000cb300000| Untracked 
| 180|0x00000000cb400000, 0x00000000cb400000, 0x00000000cb500000|  0%| F|  |TAMS 0x00000000cb400000| PB 0x00000000cb400000| Untracked 
| 181|0x00000000cb500000, 0x00000000cb500000, 0x00000000cb600000|  0%| F|  |TAMS 0x00000000cb500000| PB 0x00000000cb500000| Untracked 
| 182|0x00000000cb600000, 0x00000000cb600000, 0x00000000cb700000|  0%| F|  |TAMS 0x00000000cb600000| PB 0x00000000cb600000| Untracked 
| 183|0x00000000cb700000, 0x00000000cb700000, 0x00000000cb800000|  0%| F|  |TAMS 0x00000000cb700000| PB 0x00000000cb700000| Untracked 
| 184|0x00000000cb800000, 0x00000000cb800000, 0x00000000cb900000|  0%| F|  |TAMS 0x00000000cb800000| PB 0x00000000cb800000| Untracked 
| 185|0x00000000cb900000, 0x00000000cb900000, 0x00000000cba00000|  0%| F|  |TAMS 0x00000000cb900000| PB 0x00000000cb900000| Untracked 
| 186|0x00000000cba00000, 0x00000000cba00000, 0x00000000cbb00000|  0%| F|  |TAMS 0x00000000cba00000| PB 0x00000000cba00000| Untracked 
| 187|0x00000000cbb00000, 0x00000000cbb00000, 0x00000000cbc00000|  0%| F|  |TAMS 0x00000000cbb00000| PB 0x00000000cbb00000| Untracked 
| 188|0x00000000cbc00000, 0x00000000cbc00000, 0x00000000cbd00000|  0%| F|  |TAMS 0x00000000cbc00000| PB 0x00000000cbc00000| Untracked 
| 189|0x00000000cbd00000, 0x00000000cbd00000, 0x00000000cbe00000|  0%| F|  |TAMS 0x00000000cbd00000| PB 0x00000000cbd00000| Untracked 
| 190|0x00000000cbe00000, 0x00000000cbe00000, 0x00000000cbf00000|  0%| F|  |TAMS 0x00000000cbe00000| PB 0x00000000cbe00000| Untracked 
| 191|0x00000000cbf00000, 0x00000000cbf00000, 0x00000000cc000000|  0%| F|  |TAMS 0x00000000cbf00000| PB 0x00000000cbf00000| Untracked 
| 192|0x00000000cc000000, 0x00000000cc000000, 0x00000000cc100000|  0%| F|  |TAMS 0x00000000cc000000| PB 0x00000000cc000000| Untracked 
| 193|0x00000000cc100000, 0x00000000cc100000, 0x00000000cc200000|  0%| F|  |TAMS 0x00000000cc100000| PB 0x00000000cc100000| Untracked 
| 194|0x00000000cc200000, 0x00000000cc200000, 0x00000000cc300000|  0%| F|  |TAMS 0x00000000cc200000| PB 0x00000000cc200000| Untracked 
| 195|0x00000000cc300000, 0x00000000cc300000, 0x00000000cc400000|  0%| F|  |TAMS 0x00000000cc300000| PB 0x00000000cc300000| Untracked 
| 196|0x00000000cc400000, 0x00000000cc400000, 0x00000000cc500000|  0%| F|  |TAMS 0x00000000cc400000| PB 0x00000000cc400000| Untracked 
| 197|0x00000000cc500000, 0x00000000cc500000, 0x00000000cc600000|  0%| F|  |TAMS 0x00000000cc500000| PB 0x00000000cc500000| Untracked 
| 198|0x00000000cc600000, 0x00000000cc600000, 0x00000000cc700000|  0%| F|  |TAMS 0x00000000cc600000| PB 0x00000000cc600000| Untracked 
| 199|0x00000000cc700000, 0x00000000cc700000, 0x00000000cc800000|  0%| F|  |TAMS 0x00000000cc700000| PB 0x00000000cc700000| Untracked 
| 200|0x00000000cc800000, 0x00000000cc800000, 0x00000000cc900000|  0%| F|  |TAMS 0x00000000cc800000| PB 0x00000000cc800000| Untracked 
| 201|0x00000000cc900000, 0x00000000cc900000, 0x00000000cca00000|  0%| F|  |TAMS 0x00000000cc900000| PB 0x00000000cc900000| Untracked 
| 202|0x00000000cca00000, 0x00000000cca00000, 0x00000000ccb00000|  0%| F|  |TAMS 0x00000000cca00000| PB 0x00000000cca00000| Untracked 
| 203|0x00000000ccb00000, 0x00000000ccb00000, 0x00000000ccc00000|  0%| F|  |TAMS 0x00000000ccb00000| PB 0x00000000ccb00000| Untracked 
| 204|0x00000000ccc00000, 0x00000000ccc00000, 0x00000000ccd00000|  0%| F|  |TAMS 0x00000000ccc00000| PB 0x00000000ccc00000| Untracked 
| 205|0x00000000ccd00000, 0x00000000ccd00000, 0x00000000cce00000|  0%| F|  |TAMS 0x00000000ccd00000| PB 0x00000000ccd00000| Untracked 
| 206|0x00000000cce00000, 0x00000000cce00000, 0x00000000ccf00000|  0%| F|  |TAMS 0x00000000cce00000| PB 0x00000000cce00000| Untracked 
| 207|0x00000000ccf00000, 0x00000000ccf00000, 0x00000000cd000000|  0%| F|  |TAMS 0x00000000ccf00000| PB 0x00000000ccf00000| Untracked 
| 208|0x00000000cd000000, 0x00000000cd000000, 0x00000000cd100000|  0%| F|  |TAMS 0x00000000cd000000| PB 0x00000000cd000000| Untracked 
| 209|0x00000000cd100000, 0x00000000cd100000, 0x00000000cd200000|  0%| F|  |TAMS 0x00000000cd100000| PB 0x00000000cd100000| Untracked 
| 210|0x00000000cd200000, 0x00000000cd200000, 0x00000000cd300000|  0%| F|  |TAMS 0x00000000cd200000| PB 0x00000000cd200000| Untracked 
| 211|0x00000000cd300000, 0x00000000cd300000, 0x00000000cd400000|  0%| F|  |TAMS 0x00000000cd300000| PB 0x00000000cd300000| Untracked 
| 212|0x00000000cd400000, 0x00000000cd400000, 0x00000000cd500000|  0%| F|  |TAMS 0x00000000cd400000| PB 0x00000000cd400000| Untracked 
| 213|0x00000000cd500000, 0x00000000cd500000, 0x00000000cd600000|  0%| F|  |TAMS 0x00000000cd500000| PB 0x00000000cd500000| Untracked 
| 214|0x00000000cd600000, 0x00000000cd600000, 0x00000000cd700000|  0%| F|  |TAMS 0x00000000cd600000| PB 0x00000000cd600000| Untracked 
| 215|0x00000000cd700000, 0x00000000cd700000, 0x00000000cd800000|  0%| F|  |TAMS 0x00000000cd700000| PB 0x00000000cd700000| Untracked 
| 216|0x00000000cd800000, 0x00000000cd800000, 0x00000000cd900000|  0%| F|  |TAMS 0x00000000cd800000| PB 0x00000000cd800000| Untracked 
| 217|0x00000000cd900000, 0x00000000cd900000, 0x00000000cda00000|  0%| F|  |TAMS 0x00000000cd900000| PB 0x00000000cd900000| Untracked 
| 218|0x00000000cda00000, 0x00000000cda67f48, 0x00000000cdb00000| 40%| S|CS|TAMS 0x00000000cda00000| PB 0x00000000cda00000| Complete 
| 219|0x00000000cdb00000, 0x00000000cdc00000, 0x00000000cdc00000|100%| S|CS|TAMS 0x00000000cdb00000| PB 0x00000000cdb00000| Complete 
| 220|0x00000000cdc00000, 0x00000000cdd00000, 0x00000000cdd00000|100%| S|CS|TAMS 0x00000000cdc00000| PB 0x00000000cdc00000| Complete 
| 221|0x00000000cdd00000, 0x00000000cde00000, 0x00000000cde00000|100%| S|CS|TAMS 0x00000000cdd00000| PB 0x00000000cdd00000| Complete 
| 222|0x00000000cde00000, 0x00000000cde00000, 0x00000000cdf00000|  0%| F|  |TAMS 0x00000000cde00000| PB 0x00000000cde00000| Untracked 
| 223|0x00000000cdf00000, 0x00000000cdf00000, 0x00000000ce000000|  0%| F|  |TAMS 0x00000000cdf00000| PB 0x00000000cdf00000| Untracked 
| 224|0x00000000ce000000, 0x00000000ce000000, 0x00000000ce100000|  0%| F|  |TAMS 0x00000000ce000000| PB 0x00000000ce000000| Untracked 
| 225|0x00000000ce100000, 0x00000000ce100000, 0x00000000ce200000|  0%| F|  |TAMS 0x00000000ce100000| PB 0x00000000ce100000| Untracked 
| 226|0x00000000ce200000, 0x00000000ce200000, 0x00000000ce300000|  0%| F|  |TAMS 0x00000000ce200000| PB 0x00000000ce200000| Untracked 
| 227|0x00000000ce300000, 0x00000000ce300000, 0x00000000ce400000|  0%| F|  |TAMS 0x00000000ce300000| PB 0x00000000ce300000| Untracked 
| 228|0x00000000ce400000, 0x00000000ce400000, 0x00000000ce500000|  0%| F|  |TAMS 0x00000000ce400000| PB 0x00000000ce400000| Untracked 
| 229|0x00000000ce500000, 0x00000000ce500000, 0x00000000ce600000|  0%| F|  |TAMS 0x00000000ce500000| PB 0x00000000ce500000| Untracked 
| 230|0x00000000ce600000, 0x00000000ce600000, 0x00000000ce700000|  0%| F|  |TAMS 0x00000000ce600000| PB 0x00000000ce600000| Untracked 
| 231|0x00000000ce700000, 0x00000000ce700000, 0x00000000ce800000|  0%| F|  |TAMS 0x00000000ce700000| PB 0x00000000ce700000| Untracked 
| 232|0x00000000ce800000, 0x00000000ce800000, 0x00000000ce900000|  0%| F|  |TAMS 0x00000000ce800000| PB 0x00000000ce800000| Untracked 
| 233|0x00000000ce900000, 0x00000000ce900000, 0x00000000cea00000|  0%| F|  |TAMS 0x00000000ce900000| PB 0x00000000ce900000| Untracked 
| 234|0x00000000cea00000, 0x00000000cea00000, 0x00000000ceb00000|  0%| F|  |TAMS 0x00000000cea00000| PB 0x00000000cea00000| Untracked 
| 235|0x00000000ceb00000, 0x00000000ceb00000, 0x00000000cec00000|  0%| F|  |TAMS 0x00000000ceb00000| PB 0x00000000ceb00000| Untracked 
| 236|0x00000000cec00000, 0x00000000cec00000, 0x00000000ced00000|  0%| F|  |TAMS 0x00000000cec00000| PB 0x00000000cec00000| Untracked 
| 237|0x00000000ced00000, 0x00000000ced00000, 0x00000000cee00000|  0%| F|  |TAMS 0x00000000ced00000| PB 0x00000000ced00000| Untracked 
| 238|0x00000000cee00000, 0x00000000cee00000, 0x00000000cef00000|  0%| F|  |TAMS 0x00000000cee00000| PB 0x00000000cee00000| Untracked 
| 239|0x00000000cef00000, 0x00000000cef00000, 0x00000000cf000000|  0%| F|  |TAMS 0x00000000cef00000| PB 0x00000000cef00000| Untracked 
| 240|0x00000000cf000000, 0x00000000cf000000, 0x00000000cf100000|  0%| F|  |TAMS 0x00000000cf000000| PB 0x00000000cf000000| Untracked 
| 241|0x00000000cf100000, 0x00000000cf100000, 0x00000000cf200000|  0%| F|  |TAMS 0x00000000cf100000| PB 0x00000000cf100000| Untracked 
| 242|0x00000000cf200000, 0x00000000cf2f0728, 0x00000000cf300000| 93%| E|  |TAMS 0x00000000cf200000| PB 0x00000000cf200000| Complete 
| 243|0x00000000cf300000, 0x00000000cf400000, 0x00000000cf400000|100%| E|CS|TAMS 0x00000000cf300000| PB 0x00000000cf300000| Complete 
| 244|0x00000000cf400000, 0x00000000cf500000, 0x00000000cf500000|100%| E|CS|TAMS 0x00000000cf400000| PB 0x00000000cf400000| Complete 
| 245|0x00000000cf500000, 0x00000000cf600000, 0x00000000cf600000|100%| E|CS|TAMS 0x00000000cf500000| PB 0x00000000cf500000| Complete 
| 246|0x00000000cf600000, 0x00000000cf700000, 0x00000000cf700000|100%| E|CS|TAMS 0x00000000cf600000| PB 0x00000000cf600000| Complete 
| 247|0x00000000cf700000, 0x00000000cf800000, 0x00000000cf800000|100%| E|CS|TAMS 0x00000000cf700000| PB 0x00000000cf700000| Complete 
| 248|0x00000000cf800000, 0x00000000cf900000, 0x00000000cf900000|100%| E|CS|TAMS 0x00000000cf800000| PB 0x00000000cf800000| Complete 
| 249|0x00000000cf900000, 0x00000000cfa00000, 0x00000000cfa00000|100%| E|CS|TAMS 0x00000000cf900000| PB 0x00000000cf900000| Complete 
| 250|0x00000000cfa00000, 0x00000000cfb00000, 0x00000000cfb00000|100%| E|CS|TAMS 0x00000000cfa00000| PB 0x00000000cfa00000| Complete 
| 251|0x00000000cfb00000, 0x00000000cfc00000, 0x00000000cfc00000|100%| E|CS|TAMS 0x00000000cfb00000| PB 0x00000000cfb00000| Complete 
| 252|0x00000000cfc00000, 0x00000000cfd00000, 0x00000000cfd00000|100%| E|CS|TAMS 0x00000000cfc00000| PB 0x00000000cfc00000| Complete 
| 253|0x00000000cfd00000, 0x00000000cfe00000, 0x00000000cfe00000|100%| E|CS|TAMS 0x00000000cfd00000| PB 0x00000000cfd00000| Complete 
| 254|0x00000000cfe00000, 0x00000000cff00000, 0x00000000cff00000|100%| E|CS|TAMS 0x00000000cfe00000| PB 0x00000000cfe00000| Complete 
| 255|0x00000000cff00000, 0x00000000d0000000, 0x00000000d0000000|100%| E|CS|TAMS 0x00000000cff00000| PB 0x00000000cff00000| Complete 

Card table byte_map: [0x00000192f6ef0000,0x00000192f70f0000] _byte_map_base: 0x00000192f68f0000

Marking Bits: (CMBitMap*) 0x00000192f37fcac0
 Bits: [0x00000192f70f0000, 0x00000192f80f0000)

Polling page: 0x00000192f2f80000

Metaspace:

Usage:
  Non-class:      8.16 MB used.
      Class:   1005.52 KB used.
       Both:      9.14 MB used.

Virtual space:
  Non-class space:       64.00 MB reserved,       8.38 MB ( 13%) committed,  1 nodes.
      Class space:        1.00 GB reserved,       1.12 MB ( <1%) committed,  1 nodes.
             Both:        1.06 GB reserved,       9.50 MB ( <1%) committed. 

Chunk freelists:
   Non-Class:  6.84 MB
       Class:  14.79 MB
        Both:  21.63 MB

MaxMetaspaceSize: unlimited
CompressedClassSpaceSize: 1.00 GB
Initial GC threshold: 21.00 MB
Current GC threshold: 21.00 MB
CDS: on
 - commit_granule_bytes: 65536.
 - commit_granule_words: 8192.
 - virtual_space_node_default_size: 8388608.
 - enlarge_chunks_in_place: 1.
 - use_allocation_guard: 0.


Internal statistics:

num_allocs_failed_limit: 0.
num_arena_births: 256.
num_arena_deaths: 0.
num_vsnodes_births: 2.
num_vsnodes_deaths: 0.
num_space_committed: 152.
num_space_uncommitted: 0.
num_chunks_returned_to_freelist: 0.
num_chunks_taken_from_freelist: 508.
num_chunk_merges: 0.
num_chunk_splits: 320.
num_chunks_enlarged: 208.
num_inconsistent_stats: 0.

CodeHeap 'non-profiled nmethods': size=120000Kb used=947Kb max_used=947Kb free=119052Kb
 bounds [0x0000019287ad0000, 0x0000019287d40000, 0x000001928f000000]
CodeHeap 'profiled nmethods': size=120000Kb used=3788Kb max_used=3788Kb free=116211Kb
 bounds [0x0000019280000000, 0x00000192803c0000, 0x0000019287530000]
CodeHeap 'non-nmethods': size=5760Kb used=1329Kb max_used=1354Kb free=4430Kb
 bounds [0x0000019287530000, 0x00000192877a0000, 0x0000019287ad0000]
CodeCache: size=245760Kb, used=6064Kb, max_used=6089Kb, free=239693Kb
 total_blobs=2565, nmethods=2071, adapters=399, full_count=0
Compilation: enabled, stopped_count=0, restarted_count=0

Compilation events (20 events):
Event: 8.155 Thread 0x00000192fac018d0 nmethod 2065 0x00000192803ac410 code [0x00000192803ac5e0, 0x00000192803ac9a0]
Event: 8.155 Thread 0x00000192fac018d0 2063       3       java.io.FilterInputStream::read (11 bytes)
Event: 8.156 Thread 0x00000192fac018d0 nmethod 2063 0x00000192803acb10 code [0x00000192803accc0, 0x00000192803ace98]
Event: 8.156 Thread 0x00000192fac018d0 2066       1       sun.util.locale.BaseLocale::getScript (5 bytes)
Event: 8.156 Thread 0x00000192fac018d0 nmethod 2066 0x0000019287bb7a90 code [0x0000019287bb7c20, 0x0000019287bb7ce8]
Event: 8.156 Thread 0x00000192fac018d0 2067       3       org.eclipse.osgi.storage.bundlefile.MRUBundleFileList::incUseStamp (57 bytes)
Event: 8.156 Thread 0x00000192fac018d0 nmethod 2067 0x00000192803acf90 code [0x00000192803ad140, 0x00000192803ad3c8]
Event: 8.157 Thread 0x00000192fac018d0 2068   !   3       org.eclipse.osgi.storage.BundleInfo$Generation::getRawHeaders (323 bytes)
Event: 8.158 Thread 0x00000192fac018d0 nmethod 2068 0x00000192803ad510 code [0x00000192803ada20, 0x00000192803b0588]
Event: 8.159 Thread 0x00000192fac018d0 2069       3       org.eclipse.osgi.framework.util.CaseInsensitiveDictionaryMap$KeyIterator::hasNext (10 bytes)
Event: 8.159 Thread 0x00000192fac018d0 nmethod 2069 0x00000192803b1b90 code [0x00000192803b1d40, 0x00000192803b1f18]
Event: 8.159 Thread 0x00000192fac018d0 2070       3       org.eclipse.osgi.storage.BundleInfo$CachedManifest::get (6 bytes)
Event: 8.160 Thread 0x00000192fac018d0 nmethod 2070 0x00000192803b2010 code [0x00000192803b21c0, 0x00000192803b2318]
Event: 8.160 Thread 0x00000192fac018d0 2071       1       org.eclipse.osgi.internal.framework.EquinoxConfiguration::getHookRegistry (5 bytes)
Event: 8.160 Thread 0x00000192fac018d0 nmethod 2071 0x0000019287bb7d90 code [0x0000019287bb7f20, 0x0000019287bb7fe8]
Event: 8.162 Thread 0x00000192fab900c0 nmethod 2057 0x0000019287bb8090 code [0x0000019287bb82c0, 0x0000019287bb8f28]
Event: 8.162 Thread 0x00000192fab900c0 2058       4       java.util.zip.ZipCoder$UTF8ZipCoder::checkedHash (79 bytes)
Event: 8.163 Thread 0x00000192fab900c0 nmethod 2058 0x0000019287bb9790 code [0x0000019287bb9960, 0x0000019287bb9d70]
Event: 8.163 Thread 0x00000192fab900c0 2059       4       java.util.zip.ZipFile$Source::isMetaName (141 bytes)
Event: 8.604 Thread 0x00000192fac018d0 2072       3       java.util.concurrent.Semaphore$NonfairSync::tryAcquireShared (6 bytes)

GC Heap History (4 events):
Event: 0.847 GC heap before
{Heap before GC invocations=0 (full 0):
 garbage-first heap   total 262144K, used 22528K [0x00000000c0000000, 0x0000000100000000)
  region size 1024K, 23 young (23552K), 0 survivors (0K)
 Metaspace       used 4110K, committed 4416K, reserved 1114112K
  class space    used 452K, committed 576K, reserved 1048576K
}
Event: 0.852 GC heap after
{Heap after GC invocations=1 (full 0):
 garbage-first heap   total 262144K, used 3710K [0x00000000c0000000, 0x0000000100000000)
  region size 1024K, 3 young (3072K), 3 survivors (3072K)
 Metaspace       used 4110K, committed 4416K, reserved 1114112K
  class space    used 452K, committed 576K, reserved 1048576K
}
Event: 6.937 GC heap before
{Heap before GC invocations=1 (full 0):
 garbage-first heap   total 262144K, used 34430K [0x00000000c0000000, 0x0000000100000000)
  region size 1024K, 34 young (34816K), 3 survivors (3072K)
 Metaspace       used 8580K, committed 8896K, reserved 1114112K
  class space    used 912K, committed 1088K, reserved 1048576K
}
Event: 6.944 GC heap after
{Heap after GC invocations=2 (full 0):
 garbage-first heap   total 262144K, used 7023K [0x00000000c0000000, 0x0000000100000000)
  region size 1024K, 4 young (4096K), 4 survivors (4096K)
 Metaspace       used 8580K, committed 8896K, reserved 1114112K
  class space    used 912K, committed 1088K, reserved 1048576K
}

Dll operation events (9 events):
Event: 0.030 Loaded shared library c:\Users\anshm\.vscode\extensions\redhat.java-1.53.0-win32-x64\jre\21.0.10-win32-x86_64\bin\java.dll
Event: 0.135 Loaded shared library c:\Users\anshm\.vscode\extensions\redhat.java-1.53.0-win32-x64\jre\21.0.10-win32-x86_64\bin\zip.dll
Event: 0.165 Loaded shared library C:\Users\anshm\.vscode\extensions\redhat.java-1.53.0-win32-x64\jre\21.0.10-win32-x86_64\bin\instrument.dll
Event: 0.174 Loaded shared library C:\Users\anshm\.vscode\extensions\redhat.java-1.53.0-win32-x64\jre\21.0.10-win32-x86_64\bin\net.dll
Event: 0.178 Loaded shared library C:\Users\anshm\.vscode\extensions\redhat.java-1.53.0-win32-x64\jre\21.0.10-win32-x86_64\bin\nio.dll
Event: 0.184 Loaded shared library C:\Users\anshm\.vscode\extensions\redhat.java-1.53.0-win32-x64\jre\21.0.10-win32-x86_64\bin\zip.dll
Event: 0.219 Loaded shared library C:\Users\anshm\.vscode\extensions\redhat.java-1.53.0-win32-x64\jre\21.0.10-win32-x86_64\bin\jimage.dll
Event: 0.321 Loaded shared library c:\Users\anshm\.vscode\extensions\redhat.java-1.53.0-win32-x64\jre\21.0.10-win32-x86_64\bin\verify.dll
Event: 6.879 Loaded shared library C:\Users\anshm\AppData\Roaming\Code\User\globalStorage\redhat.java\1.53.0\config_win\org.eclipse.equinox.launcher\org.eclipse.equinox.launcher.win32.win32.x86_64_1.3.0.v20260203-2149\eclipse_11919.dll

Deoptimization events (20 events):
Event: 6.896 Thread 0x00000192ff398f30 Uncommon trap: trap_request=0xffffff6e fr.pc=0x0000019287b48d94 relative=0x0000000000000454
Event: 6.896 Thread 0x00000192ff398f30 Uncommon trap: reason=loop_limit_check action=maybe_recompile pc=0x0000019287b48d94 method=java.lang.StringLatin1.indexOf([BI[BII)I @ 37 c2
Event: 6.896 Thread 0x00000192ff398f30 DEOPT PACKING pc=0x0000019287b48d94 sp=0x0000003a06dfcf20
Event: 6.896 Thread 0x00000192ff398f30 DEOPT UNPACKING pc=0x0000019287584422 sp=0x0000003a06dfce80 mode 2
Event: 6.988 Thread 0x00000192ff398f30 Uncommon trap: trap_request=0xffffff45 fr.pc=0x0000019287b530b4 relative=0x0000000000000094
Event: 6.988 Thread 0x00000192ff398f30 Uncommon trap: reason=unstable_if action=reinterpret pc=0x0000019287b530b4 method=java.io.BufferedInputStream.getBufIfOpen(Z)[B @ 13 c2
Event: 6.988 Thread 0x00000192ff398f30 DEOPT PACKING pc=0x0000019287b530b4 sp=0x0000003a06dfde10
Event: 6.988 Thread 0x00000192ff398f30 DEOPT UNPACKING pc=0x0000019287584422 sp=0x0000003a06dfdd90 mode 2
Event: 6.989 Thread 0x00000192ff398f30 Uncommon trap: trap_request=0xffffff45 fr.pc=0x0000019287b95210 relative=0x0000000000001330
Event: 6.989 Thread 0x00000192ff398f30 Uncommon trap: reason=unstable_if action=reinterpret pc=0x0000019287b95210 method=java.lang.String.<init>(Ljava/nio/charset/Charset;[BII)V @ 6 c2
Event: 6.989 Thread 0x00000192ff398f30 DEOPT PACKING pc=0x0000019287b95210 sp=0x0000003a06dfddb0
Event: 6.989 Thread 0x00000192ff398f30 DEOPT UNPACKING pc=0x0000019287584422 sp=0x0000003a06dfdd80 mode 2
Event: 7.112 Thread 0x00000192ff398f30 Uncommon trap: trap_request=0xffffff45 fr.pc=0x0000019287b0e6f4 relative=0x0000000000000054
Event: 7.112 Thread 0x00000192ff398f30 Uncommon trap: reason=unstable_if action=reinterpret pc=0x0000019287b0e6f4 method=java.lang.CharacterData.of(I)Ljava/lang/CharacterData; @ 4 c2
Event: 7.112 Thread 0x00000192ff398f30 DEOPT PACKING pc=0x0000019287b0e6f4 sp=0x0000003a06dfd800
Event: 7.112 Thread 0x00000192ff398f30 DEOPT UNPACKING pc=0x0000019287584422 sp=0x0000003a06dfd798 mode 2
Event: 7.122 Thread 0x00000192ff398f30 Uncommon trap: trap_request=0xffffff45 fr.pc=0x0000019287b87050 relative=0x0000000000000e50
Event: 7.122 Thread 0x00000192ff398f30 Uncommon trap: reason=unstable_if action=reinterpret pc=0x0000019287b87050 method=java.util.concurrent.ConcurrentHashMap.putVal(Ljava/lang/Object;Ljava/lang/Object;Z)Ljava/lang/Object; @ 148 c2
Event: 7.122 Thread 0x00000192ff398f30 DEOPT PACKING pc=0x0000019287b87050 sp=0x0000003a06dfe4a0
Event: 7.122 Thread 0x00000192ff398f30 DEOPT UNPACKING pc=0x0000019287584422 sp=0x0000003a06dfe420 mode 2

Classes loaded (20 events):
Event: 7.092 Loading class sun/util/logging/resources/logging_en
Event: 7.092 Loading class sun/util/logging/resources/logging_en done
Event: 7.092 Loading class sun/util/logging/resources/logging_en
Event: 7.092 Loading class sun/util/logging/resources/logging_en done
Event: 7.092 Loading class sun/util/logging/resources/logging_en_US
Event: 7.092 Loading class sun/util/logging/resources/logging_en_US done
Event: 7.092 Loading class sun/util/logging/resources/logging_en_US
Event: 7.092 Loading class sun/util/logging/resources/logging_en_US done
Event: 7.094 Loading class java/util/Formatter$DateTime
Event: 7.095 Loading class java/util/Formatter$DateTime done
Event: 7.095 Loading class java/util/Formatter$FixedString
Event: 7.095 Loading class java/util/Formatter$FixedString done
Event: 7.095 Loading class java/time/ZonedDateTime$1
Event: 7.096 Loading class java/time/ZonedDateTime$1 done
Event: 7.100 Loading class jdk/internal/module/ModulePatcher$PatchedModuleReader
Event: 7.100 Loading class jdk/internal/module/ModulePatcher$PatchedModuleReader done
Event: 7.108 Loading class sun/text/resources/cldr/FormatData_en
Event: 7.109 Loading class sun/text/resources/cldr/FormatData_en done
Event: 7.109 Loading class sun/text/resources/cldr/FormatData_en_US
Event: 7.109 Loading class sun/text/resources/cldr/FormatData_en_US done

Classes unloaded (0 events):
No events

Classes redefined (0 events):
No events

Internal exceptions (20 events):
Event: 0.883 Thread 0x00000192f37bcac0 Exception <a 'java/io/FileNotFoundException'{0x00000000cfef05e0}> (0x00000000cfef05e0) 
thrown [s\src\hotspot\share\prims\jni.cpp, line 520]
Event: 0.906 Thread 0x00000192f37bcac0 Implicit null exception at 0x0000019287b2f566 to 0x0000019287b2f612
Event: 0.907 Thread 0x00000192f37bcac0 Implicit null exception at 0x0000019287b3cd1a to 0x0000019287b3cf38
Event: 0.907 Thread 0x00000192f37bcac0 Exception <a 'java/lang/NoSuchMethodError'{0x00000000cfc20c28}: 'void java.lang.invoke.DirectMethodHandle$Holder.invokeStatic(java.lang.Object, java.lang.Object, java.lang.Object, java.lang.Object)'> (0x00000000cfc20c28) 
thrown [s\src\hotspot\share\interpreter\linkResolver.cpp, line 773]
Event: 0.908 Thread 0x00000192f37bcac0 Implicit null exception at 0x0000019287b30840 to 0x0000019287b30b14
Event: 0.961 Thread 0x00000192f37bcac0 Exception <a 'java/lang/NoSuchMethodError'{0x00000000cfacbb10}: 'void java.lang.invoke.DirectMethodHandle$Holder.invokeSpecial(java.lang.Object, java.lang.Object, java.lang.Object)'> (0x00000000cfacbb10) 
thrown [s\src\hotspot\share\interpreter\linkResolver.cpp, line 773]
Event: 1.134 Thread 0x00000192f37bcac0 Exception <a 'java/lang/NoSuchMethodError'{0x00000000cef43ba0}: 'int java.lang.invoke.DirectMethodHandle$Holder.invokeVirtual(java.lang.Object, java.lang.Object)'> (0x00000000cef43ba0) 
thrown [s\src\hotspot\share\interpreter\linkResolver.cpp, line 773]
Event: 1.175 Thread 0x00000192f37bcac0 Exception <a 'java/lang/NoSuchMethodError'{0x00000000ceebc0c0}: 'int java.lang.invoke.DirectMethodHandle$Holder.invokeStaticInit(java.lang.Object, java.lang.Object, java.lang.Object, java.lang.Object)'> (0x00000000ceebc0c0) 
thrown [s\src\hotspot\share\interpreter\linkResolver.cpp, line 773]
Event: 1.176 Thread 0x00000192f37bcac0 Exception <a 'java/lang/IncompatibleClassChangeError'{0x00000000ceec44c8}: Found class java.lang.Object, but interface was expected> (0x00000000ceec44c8) 
thrown [s\src\hotspot\share\interpreter\linkResolver.cpp, line 840]
Event: 1.177 Thread 0x00000192f37bcac0 Exception <a 'java/lang/NoSuchMethodError'{0x00000000ceecaa78}: 'void java.lang.invoke.DirectMethodHandle$Holder.invokeStaticInit(java.lang.Object, java.lang.Object)'> (0x00000000ceecaa78) 
thrown [s\src\hotspot\share\interpreter\linkResolver.cpp, line 773]
Event: 1.178 Thread 0x00000192f37bcac0 Exception <a 'java/lang/NoSuchMethodError'{0x00000000ceed3ea8}: 'int java.lang.invoke.DirectMethodHandle$Holder.invokeStaticInit(java.lang.Object, java.lang.Object)'> (0x00000000ceed3ea8) 
thrown [s\src\hotspot\share\interpreter\linkResolver.cpp, line 773]
Event: 1.212 Thread 0x00000192f37bcac0 Exception <a 'java/lang/NoSuchMethodError'{0x00000000ceb283e8}: 'java.lang.Object java.lang.invoke.DirectMethodHandle$Holder.newInvokeSpecial(java.lang.Object, int, java.lang.Object)'> (0x00000000ceb283e8) 
thrown [s\src\hotspot\share\interpreter\linkResolver.cpp, line 773]
Event: 1.240 Thread 0x00000192f37bcac0 Exception <a 'java/lang/ClassNotFoundException'{0x00000000ce943a60}: sun/net/www/protocol/plurl/Handler> (0x00000000ce943a60) 
thrown [s\src\hotspot\share\classfile\systemDictionary.cpp, line 312]
Event: 1.240 Thread 0x00000192f37bcac0 Exception <a 'java/lang/ClassNotFoundException'{0x00000000ce9448e0}: sun/net/www/protocol/plurl/Handler> (0x00000000ce9448e0) 
thrown [s\src\hotspot\share\classfile\systemDictionary.cpp, line 312]
Event: 6.759 Thread 0x00000192f37bcac0 Exception <a 'java/lang/UnsatisfiedLinkError'{0x00000000ce2e4c68}: 'void org.eclipse.equinox.launcher.JNIBridge._update_splash()'> (0x00000000ce2e4c68) 
thrown [s\src\hotspot\share\prims\nativeLookup.cpp, line 415]
Event: 6.822 Thread 0x00000192faf493c0 Exception <a 'java/lang/NoSuchMethodError'{0x00000000ce0fe7c0}: 'void java.lang.invoke.DirectMethodHandle$Holder.invokeInterface(java.lang.Object, java.lang.Object, java.lang.Object)'> (0x00000000ce0fe7c0) 
thrown [s\src\hotspot\share\interpreter\linkResolver.cpp, line 773]
Event: 7.024 Thread 0x00000192ff398f30 Exception <a 'java/lang/NoSuchMethodError'{0x00000000cfddd488}: 'java.lang.Object java.lang.invoke.DirectMethodHandle$Holder.newInvokeSpecial(java.lang.Object, java.lang.Object, int, java.lang.Object)'> (0x00000000cfddd488) 
thrown [s\src\hotspot\share\interpreter\linkResolver.cpp, line 773]
Event: 7.024 Thread 0x00000192ff398f30 Exception <a 'java/lang/NoSuchMethodError'{0x00000000cfde12b8}: 'java.lang.Object java.lang.invoke.DirectMethodHandle$Holder.invokeSpecial(java.lang.Object, java.lang.Object, java.lang.Object, int, java.lang.Object)'> (0x00000000cfde12b8) 
thrown [s\src\hotspot\share\interpreter\linkResolver.cpp, line 773]
Event: 7.040 Thread 0x00000192ff398f30 Exception <a 'java/lang/NoClassDefFoundError'{0x00000000cfc88db8}: jakarta/servlet/ServletContainerInitializer> (0x00000000cfc88db8) 
thrown [s\src\hotspot\share\classfile\systemDictionary.cpp, line 301]
Event: 7.090 Thread 0x00000192ff398f30 Exception <a 'java/lang/ClassNotFoundException'{0x00000000cfbe24b0}: sun/util/logging/resources/spi/loggingProvider> (0x00000000cfbe24b0) 
thrown [s\src\hotspot\share\classfile\systemDictionary.cpp, line 312]

ZGC Phase Switch (0 events):
No events

VM Operations (20 events):
Event: 1.229 Executing non-safepoint VM operation: HandshakeAllThreads (Deoptimize)
Event: 1.229 Executing non-safepoint VM operation: HandshakeAllThreads (Deoptimize) done
Event: 1.236 Executing non-safepoint VM operation: HandshakeAllThreads (Deoptimize)
Event: 1.236 Executing non-safepoint VM operation: HandshakeAllThreads (Deoptimize) done
Event: 1.253 Executing safepoint VM operation: ICBufferFull
Event: 1.254 Executing safepoint VM operation: ICBufferFull done
Event: 2.264 Executing safepoint VM operation: Cleanup
Event: 2.264 Executing safepoint VM operation: Cleanup done
Event: 6.937 Executing safepoint VM operation: G1CollectForAllocation (G1 Evacuation Pause)
Event: 6.944 Executing safepoint VM operation: G1CollectForAllocation (G1 Evacuation Pause) done
Event: 7.076 Executing non-safepoint VM operation: HandshakeAllThreads (Deoptimize)
Event: 7.076 Executing non-safepoint VM operation: HandshakeAllThreads (Deoptimize) done
Event: 7.101 Executing non-safepoint VM operation: HandshakeAllThreads (Deoptimize)
Event: 7.101 Executing non-safepoint VM operation: HandshakeAllThreads (Deoptimize) done
Event: 7.112 Executing non-safepoint VM operation: HandshakeAllThreads (Deoptimize)
Event: 7.113 Executing non-safepoint VM operation: HandshakeAllThreads (Deoptimize) done
Event: 7.122 Executing non-safepoint VM operation: HandshakeAllThreads (Deoptimize)
Event: 7.122 Executing non-safepoint VM operation: HandshakeAllThreads (Deoptimize) done
Event: 8.124 Executing safepoint VM operation: Cleanup
Event: 8.145 Executing safepoint VM operation: Cleanup done

Memory protections (0 events):
No events

Nmethod flushes (0 events):
No events

Events (20 events):
Event: 0.074 Thread 0x00000192f37bcac0 Thread added: 0x00000192fab7f250
Event: 0.075 Thread 0x00000192f37bcac0 Thread added: 0x00000192fab819e0
Event: 0.075 Thread 0x00000192f37bcac0 Thread added: 0x00000192fab8d410
Event: 0.075 Thread 0x00000192f37bcac0 Thread added: 0x00000192fab8de70
Event: 0.075 Thread 0x00000192f37bcac0 Thread added: 0x00000192fab8e8d0
Event: 0.075 Thread 0x00000192f37bcac0 Thread added: 0x00000192fab8f330
Event: 0.075 Thread 0x00000192f37bcac0 Thread added: 0x00000192fab900c0
Event: 0.079 Thread 0x00000192f37bcac0 Thread added: 0x00000192fac018d0
Event: 0.168 Thread 0x00000192f37bcac0 Thread added: 0x00000192fadce540
Event: 0.442 Thread 0x00000192f37bcac0 Thread added: 0x00000192faf4dc50
Event: 0.456 Thread 0x00000192fac018d0 Thread added: 0x00000192ff0e87b0
Event: 0.538 Thread 0x00000192fac018d0 Thread added: 0x00000192ff0ce570
Event: 1.186 Thread 0x00000192f37bcac0 Thread added: 0x00000192d0379380
Event: 1.428 Thread 0x00000192ff0ce570 Thread exited: 0x00000192ff0ce570
Event: 1.428 Thread 0x00000192ff0e87b0 Thread exited: 0x00000192ff0e87b0
Event: 6.755 Thread 0x00000192f37bcac0 Thread added: 0x00000192faf493c0
Event: 6.825 Thread 0x00000192faf493c0 Thread added: 0x00000192ff38c280
Event: 6.883 Thread 0x00000192f37bcac0 Thread added: 0x00000192ff398f30
Event: 7.128 Thread 0x00000192fac018d0 Thread added: 0x00000192faef5630
Event: 7.128 Thread 0x00000192fac018d0 Thread added: 0x00000192ff5a7bc0


Dynamic libraries:
0x00007ff6a1900000 - 0x00007ff6a190e000 	c:\Users\anshm\.vscode\extensions\redhat.java-1.53.0-win32-x64\jre\21.0.10-win32-x86_64\bin\java.exe
0x00007ffecbd80000 - 0x00007ffecbfe7000 	C:\WINDOWS\SYSTEM32\ntdll.dll
0x00007ffeca7c0000 - 0x00007ffeca889000 	C:\WINDOWS\System32\KERNEL32.DLL
0x00007ffec8720000 - 0x00007ffec8b11000 	C:\WINDOWS\System32\KERNELBASE.dll
0x00007ffec8df0000 - 0x00007ffec8f3b000 	C:\WINDOWS\System32\ucrtbase.dll
0x00007ffea8360000 - 0x00007ffea8378000 	c:\Users\anshm\.vscode\extensions\redhat.java-1.53.0-win32-x64\jre\21.0.10-win32-x86_64\bin\jli.dll
0x00007ffe97130000 - 0x00007ffe9714e000 	c:\Users\anshm\.vscode\extensions\redhat.java-1.53.0-win32-x64\jre\21.0.10-win32-x86_64\bin\VCRUNTIME140.dll
0x00007ffecb4c0000 - 0x00007ffecb685000 	C:\WINDOWS\System32\USER32.dll
0x00007ffec9af0000 - 0x00007ffec9b17000 	C:\WINDOWS\System32\win32u.dll
0x00007ffecb490000 - 0x00007ffecb4bb000 	C:\WINDOWS\System32\GDI32.dll
0x00007ffec90c0000 - 0x00007ffec91eb000 	C:\WINDOWS\System32\gdi32full.dll
0x00007ffec8d40000 - 0x00007ffec8de3000 	C:\WINDOWS\System32\msvcp_win.dll
0x00007ffeaf330000 - 0x00007ffeaf5c3000 	C:\WINDOWS\WinSxS\amd64_microsoft.windows.common-controls_6595b64144ccf1df_6.0.26100.8037_none_3e092faae333b53b\COMCTL32.dll
0x00007ffec9b20000 - 0x00007ffec9bc9000 	C:\WINDOWS\System32\msvcrt.dll
0x00007ffecba90000 - 0x00007ffecbac1000 	C:\WINDOWS\System32\IMM32.DLL
0x00007ffeafba0000 - 0x00007ffeafbac000 	c:\Users\anshm\.vscode\extensions\redhat.java-1.53.0-win32-x64\jre\21.0.10-win32-x86_64\bin\vcruntime140_1.dll
0x00007ffe5f920000 - 0x00007ffe5f9ad000 	c:\Users\anshm\.vscode\extensions\redhat.java-1.53.0-win32-x64\jre\21.0.10-win32-x86_64\bin\msvcp140.dll
0x00007ffe3edc0000 - 0x00007ffe3fb61000 	c:\Users\anshm\.vscode\extensions\redhat.java-1.53.0-win32-x64\jre\21.0.10-win32-x86_64\bin\server\jvm.dll
0x00007ffecab40000 - 0x00007ffecabfb000 	C:\WINDOWS\System32\ADVAPI32.dll
0x00007ffecbb50000 - 0x00007ffecbbf7000 	C:\WINDOWS\System32\sechost.dll
0x00007ffecb810000 - 0x00007ffecb928000 	C:\WINDOWS\System32\RPCRT4.dll
0x00007ffecb690000 - 0x00007ffecb704000 	C:\WINDOWS\System32\WS2_32.dll
0x00007ffec84c0000 - 0x00007ffec851e000 	C:\WINDOWS\SYSTEM32\POWRPROF.dll
0x00007ffeb3a80000 - 0x00007ffeb3ab5000 	C:\WINDOWS\SYSTEM32\WINMM.dll
0x00007ffebab40000 - 0x00007ffebab4b000 	C:\WINDOWS\SYSTEM32\VERSION.dll
0x00007ffec84a0000 - 0x00007ffec84b4000 	C:\WINDOWS\SYSTEM32\UMPDC.dll
0x00007ffec73d0000 - 0x00007ffec73eb000 	C:\WINDOWS\SYSTEM32\kernel.appcore.dll
0x00007ffeabe10000 - 0x00007ffeabe1a000 	c:\Users\anshm\.vscode\extensions\redhat.java-1.53.0-win32-x64\jre\21.0.10-win32-x86_64\bin\jimage.dll
0x00007ffec6570000 - 0x00007ffec67b2000 	C:\WINDOWS\SYSTEM32\DBGHELP.DLL
0x00007ffecb090000 - 0x00007ffecb412000 	C:\WINDOWS\System32\combase.dll
0x00007ffecb9b0000 - 0x00007ffecba87000 	C:\WINDOWS\System32\OLEAUT32.dll
0x00007ffeac220000 - 0x00007ffeac25b000 	C:\WINDOWS\SYSTEM32\dbgcore.DLL
0x00007ffec8b20000 - 0x00007ffec8bc5000 	C:\WINDOWS\System32\bcryptPrimitives.dll
0x00007ffeabdb0000 - 0x00007ffeabdbf000 	c:\Users\anshm\.vscode\extensions\redhat.java-1.53.0-win32-x64\jre\21.0.10-win32-x86_64\bin\instrument.dll
0x00007ffe8cc50000 - 0x00007ffe8cc70000 	c:\Users\anshm\.vscode\extensions\redhat.java-1.53.0-win32-x64\jre\21.0.10-win32-x86_64\bin\java.dll
0x00007ffec9f70000 - 0x00007ffeca6cf000 	C:\WINDOWS\System32\SHELL32.dll
0x00007ffec8bd0000 - 0x00007ffec8d3a000 	C:\WINDOWS\System32\wintypes.dll
0x00007ffec91f0000 - 0x00007ffec9a54000 	C:\WINDOWS\System32\windows.storage.dll
0x00007ffecb710000 - 0x00007ffecb807000 	C:\WINDOWS\System32\SHCORE.dll
0x00007ffecb420000 - 0x00007ffecb487000 	C:\WINDOWS\System32\shlwapi.dll
0x00007ffec8580000 - 0x00007ffec85a9000 	C:\WINDOWS\SYSTEM32\profapi.dll
0x00007ffe61f70000 - 0x00007ffe61f88000 	c:\Users\anshm\.vscode\extensions\redhat.java-1.53.0-win32-x64\jre\21.0.10-win32-x86_64\bin\zip.dll
0x00007ffea6370000 - 0x00007ffea6380000 	C:\Users\anshm\.vscode\extensions\redhat.java-1.53.0-win32-x64\jre\21.0.10-win32-x86_64\bin\net.dll
0x00007ffeba950000 - 0x00007ffebaa77000 	C:\WINDOWS\SYSTEM32\WINHTTP.dll
0x00007ffec7960000 - 0x00007ffec79cb000 	C:\WINDOWS\system32\mswsock.dll
0x00007ffe5fc80000 - 0x00007ffe5fc96000 	C:\Users\anshm\.vscode\extensions\redhat.java-1.53.0-win32-x64\jre\21.0.10-win32-x86_64\bin\nio.dll
0x00007ffe9e5f0000 - 0x00007ffe9e600000 	c:\Users\anshm\.vscode\extensions\redhat.java-1.53.0-win32-x64\jre\21.0.10-win32-x86_64\bin\verify.dll
0x00007ffe5eb10000 - 0x00007ffe5eb55000 	C:\Users\anshm\AppData\Roaming\Code\User\globalStorage\redhat.java\1.53.0\config_win\org.eclipse.equinox.launcher\org.eclipse.equinox.launcher.win32.win32.x86_64_1.3.0.v20260203-2149\eclipse_11919.dll
0x00007ffeca890000 - 0x00007ffecaa25000 	C:\WINDOWS\System32\ole32.dll

JVMTI agents:
c:\Users\anshm\.vscode\extensions\redhat.java-1.53.0-win32-x64\lombok\lombok-1.18.39-4050.jar path:c:\Users\anshm\.vscode\extensions\redhat.java-1.53.0-win32-x64\jre\21.0.10-win32-x86_64\bin\instrument.dll, loaded, initialized, instrumentlib options:none

dbghelp: loaded successfully - version: 4.0.5 - missing functions: none
symbol engine: initialized successfully - sym options: 0x614 - pdb path: .;c:\Users\anshm\.vscode\extensions\redhat.java-1.53.0-win32-x64\jre\21.0.10-win32-x86_64\bin;C:\WINDOWS\SYSTEM32;C:\WINDOWS\WinSxS\amd64_microsoft.windows.common-controls_6595b64144ccf1df_6.0.26100.8037_none_3e092faae333b53b;c:\Users\anshm\.vscode\extensions\redhat.java-1.53.0-win32-x64\jre\21.0.10-win32-x86_64\bin\server;C:\Users\anshm\AppData\Roaming\Code\User\globalStorage\redhat.java\1.53.0\config_win\org.eclipse.equinox.launcher\org.eclipse.equinox.launcher.win32.win32.x86_64_1.3.0.v20260203-2149

VM Arguments:
jvm_args: --add-modules=ALL-SYSTEM --add-opens=java.base/java.util=ALL-UNNAMED --add-opens=java.base/java.lang=ALL-UNNAMED --add-opens=java.base/sun.nio.fs=ALL-UNNAMED -Declipse.application=org.eclipse.jdt.ls.core.id1 -Dosgi.bundles.defaultStartLevel=4 -Declipse.product=org.eclipse.jdt.ls.core.product -Djava.import.generatesMetadataFilesAtProjectRoot=false -DDetectVMInstallationsJob.disabled=true -Dfile.encoding=utf8 -Xlog:disable -Xms256m -Xmx1024m -javaagent:c:\Users\anshm\.vscode\extensions\redhat.java-1.53.0-win32-x64\lombok\lombok-1.18.39-4050.jar -XX:+HeapDumpOnOutOfMemoryError -XX:HeapDumpPath=c:\Users\anshm\AppData\Roaming\Code\User\workspaceStorage\ebb9056eb621576684825bd64064f457\redhat.java -Daether.dependencyCollector.impl=bf 
java_command: c:\Users\anshm\.vscode\extensions\redhat.java-1.53.0-win32-x64\server\plugins\org.eclipse.equinox.launcher_1.7.100.v20251111-0406.jar -configuration c:\Users\anshm\AppData\Roaming\Code\User\globalStorage\redhat.java\1.53.0\config_win -data c:\Users\anshm\AppData\Roaming\Code\User\workspaceStorage\ebb9056eb621576684825bd64064f457\redhat.java\jdt_ws --pipe=\\.\pipe\lsp-555ba7552d52d150a451725116763c58-sock
java_class_path (initial): c:\Users\anshm\.vscode\extensions\redhat.java-1.53.0-win32-x64\server\plugins\org.eclipse.equinox.launcher_1.7.100.v20251111-0406.jar
Launcher Type: SUN_STANDARD

[Global flags]
     intx CICompilerCount                          = 4                                         {product} {ergonomic}
     uint ConcGCThreads                            = 2                                         {product} {ergonomic}
     uint G1ConcRefinementThreads                  = 8                                         {product} {ergonomic}
   size_t G1HeapRegionSize                         = 1048576                                   {product} {ergonomic}
    uintx GCDrainStackTargetSize                   = 64                                        {product} {ergonomic}
     bool HeapDumpOnOutOfMemoryError               = true                                   {manageable} {command line}
    ccstr HeapDumpPath                             = c:\Users\anshm\AppData\Roaming\Code\User\workspaceStorage\ebb9056eb621576684825bd64064f457\redhat.java         {manageable} {command line}
   size_t InitialHeapSize                          = 268435456                                 {product} {command line}
   size_t MarkStackSize                            = 4194304                                   {product} {ergonomic}
   size_t MaxHeapSize                              = 1073741824                                {product} {command line}
   size_t MaxNewSize                               = 643825664                                 {product} {ergonomic}
   size_t MinHeapDeltaBytes                        = 1048576                                   {product} {ergonomic}
   size_t MinHeapSize                              = 268435456                                 {product} {command line}
    uintx NonNMethodCodeHeapSize                   = 5839372                                {pd product} {ergonomic}
    uintx NonProfiledCodeHeapSize                  = 122909434                              {pd product} {ergonomic}
    uintx ProfiledCodeHeapSize                     = 122909434                              {pd product} {ergonomic}
    uintx ReservedCodeCacheSize                    = 251658240                              {pd product} {ergonomic}
     bool SegmentedCodeCache                       = true                                      {product} {ergonomic}
   size_t SoftMaxHeapSize                          = 1073741824                             {manageable} {ergonomic}
     bool UseCompressedOops                        = true                           {product lp64_product} {ergonomic}
     bool UseG1GC                                  = true                                      {product} {ergonomic}
     bool UseLargePagesIndividualAllocation        = false                                  {pd product} {ergonomic}

Logging:
Log output configuration:
 #0: stdout all=off uptime,level,tags foldmultilines=false
 #1: stderr all=off uptime,level,tags foldmultilines=false

Release file:
JAVA_VERSION="21.0.10" 
MODULES="java.base java.compiler java.datatransfer java.xml java.prefs java.desktop java.instrument java.logging java.management java.security.sasl java.naming java.rmi java.management.rmi java.net.http java.scripting java.security.jgss java.transaction.xa java.sql java.sql.rowset java.xml.crypto java.se java.smartcardio jdk.accessibility jdk.internal.jvmstat jdk.attach jdk.charsets jdk.internal.opt jdk.zipfs jdk.compiler jdk.crypto.ec jdk.crypto.cryptoki jdk.crypto.mscapi jdk.dynalink jdk.internal.ed jdk.editpad jdk.hotspot.agent jdk.httpserver jdk.internal.le jdk.internal.vm.ci jdk.internal.vm.compiler jdk.internal.vm.compiler.management jdk.jartool jdk.javadoc jdk.jcmd jdk.management jdk.management.agent jdk.jconsole jdk.jdeps jdk.jdwp.agent jdk.jdi jdk.jfr jdk.jshell jdk.jsobject jdk.jstatd jdk.localedata jdk.management.jfr jdk.naming.dns jdk.naming.rmi jdk.net jdk.nio.mapmode jdk.random jdk.sctp jdk.security.auth jdk.security.jgss jdk.unsupported jdk.unsupported.desktop jdk.xml.dom" 

Environment Variables:
PATH=C:\Users\anshm\AppData\Local\Programs\Microsoft VS Code;C:\Program Files\Common Files\Oracle\Java\javapath;C:\Python313\Scripts\;C:\Python313\;C:\Windows\system32;C:\Windows;C:\Windows\System32\Wbem;C:\Windows\System32\WindowsPowerShell\v1.0\;C:\Windows\System32\OpenSSH\;C:\Program Files (x86)\NVIDIA Corporation\PhysX\Common;C:\Program Files\NVIDIA Corporation\NVIDIA NvDLISR;C:\WINDOWS\system32;C:\WINDOWS;C:\WINDOWS\System32\Wbem;C:\WINDOWS\System32\WindowsPowerShell\v1.0\;C:\WINDOWS\System32\OpenSSH\;C:\Program Files\Git\cmd;C:\Program Files\nodejs\;C:\ProgramData\chocolatey\bin;C:\Program Files\MongoDB\Server\8.0\bin;C:\Program Files\MySQL\MySQL Shell 8.0\bin\;C:\Users\anshm\AppData\Local\Microsoft\WindowsApps;C:\Users\anshm\AppData\Local\Programs\Microsoft VS Code\bin;C:\Users\anshm\AppData\Roaming\npm;C:\Users\anshm\AppData\Local\Programs\mongosh\;
USERNAME=anshm
OS=Windows_NT
PROCESSOR_IDENTIFIER=Intel64 Family 6 Model 165 Stepping 2, GenuineIntel
TMP=C:\Users\anshm\AppData\Local\Temp
TEMP=C:\Users\anshm\AppData\Local\Temp




Periodic native trim disabled

---------------  S Y S T E M  ---------------

OS:
 Windows 11 , 64 bit Build 26100 (10.0.26100.7920)
OS uptime: 0 days 12:58 hours
Hyper-V role detected

CPU: total 8 (initial active 8) (4 cores per cpu, 2 threads per core) family 6 model 165 stepping 2 microcode 0xe0, cx8, cmov, fxsr, ht, mmx, 3dnowpref, sse, sse2, sse3, ssse3, sse4.1, sse4.2, popcnt, lzcnt, tsc, tscinvbit, avx, avx2, aes, erms, clmul, bmi1, bmi2, adx, fma, vzeroupper, clflush, clflushopt, hv, rdtscp, f16c
Processor Information for the first 8 processors :
  Max Mhz: 2400, Current Mhz: 2400, Mhz Limit: 2400

Memory: 4k page, system-wide physical 8029M (633M free)
TotalPageFile size 32605M (AvailPageFile size 0M)
current process WorkingSet (physical memory assigned to process): 109M, peak: 110M
current process commit charge ("private bytes"): 363M, peak: 364M

vm_info: OpenJDK 64-Bit Server VM (21.0.10+7-LTS) for windows-amd64 JRE (21.0.10+7-LTS), built on 2026-01-20T00:00:00Z by "admin" with MS VC++ 17.12 (VS2022)

END.
